02-07 17:07:29.684   585  1768 D CompatChangeReporter: Compat change id reported: 324203798; UID 10211; state: ENABLED
02-07 17:07:29.685  3568  3585 W ziparchive: Unable to open '/data/user_de/0/com.google.android.gms/app_chimera/m/00000002/DynamiteLoader.uncompressed.dm': No such file or directory
02-07 17:07:29.685  3568  3585 W ziparchive: Unable to open '/data/user_de/0/com.google.android.gms/app_chimera/m/00000002/DynamiteLoader.uncompressed.dm': No such file or directory
02-07 17:07:29.687   585  1768 I AppsFilter: interaction: PackageSetting{35c612e com.example.kassaku/10211} -> PackageSetting{b8594cf com.android.cts.priv.ctsshim/10187} BLOCKED
02-07 17:07:29.687   585  1768 I AppsFilter: interaction: PackageSetting{35c612e com.example.kassaku/10211} -> PackageSetting{2519e5c com.google.android.youtube/10166} BLOCKED
02-07 17:07:29.687   585  1768 I AppsFilter: interaction: PackageSetting{35c612e com.example.kassaku/10211} -> PackageSetting{228a565 com.android.internal.display.cutout.emulation.corner/10000} BLOCKED
02-07 17:07:29.687   585  1768 I AppsFilter: interaction: PackageSetting{35c612e com.example.kassaku/10211} -> PackageSetting{ed1623a com.android.internal.display.cutout.emulation.double/10082} BLOCKED
02-07 17:07:29.687   585  1768 I AppsFilter: interaction: PackageSetting{35c612e com.example.kassaku/10211} -> PackageSetting{df0aeeb com.google.android.googlequicksearchbox/10143} BLOCKED
02-07 17:07:29.687   585  1768 I AppsFilter: interaction: PackageSetting{35c612e com.example.kassaku/10211} -> PackageSetting{9884448 com.google.android.onetimeinitializer/10128} BLOCKED
02-07 17:07:29.687   585  1768 I AppsFilter: interaction: PackageSetting{35c612e com.example.kassaku/10211} -> PackageSetting{b8332e1 com.google.android.ext.shared/10117} BLOCKED
02-07 17:07:29.687   585  1768 I AppsFilter: interaction: PackageSetting{35c612e com.example.kassaku/10211} -> PackageSetting{b636806 com.android.virtualmachine.res/10196} BLOCKED
02-07 17:07:29.687   585  1768 I AppsFilter: interaction: PackageSetting{35c612e com.example.kassaku/10211} -> PackageSetting{da94ec7 com.android.managedprovisioning.auto_generated_rro_product__/10022} BLOCKED
02-07 17:07:29.687   585  1768 I AppsFilter: interaction: PackageSetting{35c612e com.example.kassaku/10211} -> PackageSetting{c015cf4 com.android.carrierconfig.auto_generated_rro_vendor__/10086} BLOCKED
02-07 17:07:29.687   585  1768 I AppsFilter: interaction: PackageSetting{35c612e com.example.kassaku/10211} -> PackageSetting{f9f1c1d com.google.android.server.deviceconfig.resources/10192} BLOCKED
02-07 17:07:29.687   585  1768 I AppsFilter: interaction: PackageSetting{35c612e com.example.kassaku/10211} -> PackageSetting{cbdfe92 com.android.systemui.emulation.pixel_3_xl/10046} BLOCKED
02-07 17:07:29.687   585  1768 I AppsFilter: interaction: PackageSetting{35c612e com.example.kassaku/10211} -> PackageSetting{7621063 com.android.systemui.emulation.pixel_4_xl/10068} BLOCKED
02-07 17:07:29.687   585  1768 I AppsFilter: interaction: PackageSetting{35c612e com.example.kassaku/10211} -> PackageSetting{5515460 com.android.systemui.emulation.pixel_fold/10020} BLOCKED
02-07 17:07:29.687   585  1768 I AppsFilter: interaction: PackageSetting{35c612e com.example.kassaku/10211} -> PackageSetting{d965d19 com.android.providers.telephony.auto_generated_characteristics_rro/10025} BLOCKED
02-07 17:07:29.687   585  1768 I AppsFilter: interaction: PackageSetting{35c612e com.example.kassaku/10211} -> PackageSetting{3b971de com.android.simappdialog.auto_generated_rro_product__/10011} BLOCKED
02-07 17:07:29.687   585  1768 I AppsFilter: interaction: PackageSetting{35c612e com.example.kassaku/10211} -> PackageSetting{65b4fbf com.android.htmlviewer/10116} BLOCKED
02-07 17:07:29.687   585  1768 I AppsFilter: interaction: PackageSetting{35c612e com.example.kassaku/10211} -> PackageSetting{3e7568c com.google.android.health.connect.backuprestore/10195} BLOCKED
02-07 17:07:29.687   585  1768 I AppsFilter: interaction: PackageSetting{35c612e com.example.kassaku/10211} -> PackageSetting{226b1d5 com.android.systemui.auto_generated_rro_product__/10043} BLOCKED
02-07 17:07:29.687   585  1768 I AppsFilter: interaction: PackageSetting{35c612e com.example.kassaku/10211} -> PackageSetting{466cdea com.google.android.apps.messaging/10134} BLOCKED
02-07 17:07:29.687   585  1768 I AppsFilter: interaction: PackageSetting{35c612e com.example.kassaku/10211} -> PackageSetting{f7f28db com.google.android.soundpicker/10164} BLOCKED
02-07 17:07:29.687   585  1768 I AppsFilter: interaction: PackageSetting{35c612e com.example.kassaku/10211} -> PackageSetting{bf94f78 com.google.android.marvin.talkbackoverlay/10085} BLOCKED
02-07 17:07:29.687   585  1768 I AppsFilter: interaction: PackageSetting{35c612e com.example.kassaku/10211} -> PackageSetting{e2d9651 com.google.android.configupdater/10135} BLOCKED
02-07 17:07:29.687   585  1768 I AppsFilter: interaction: PackageSetting{35c612e com.example.kassaku/10211} -> PackageSetting{dbdeb6 com.android.internal.emulation.pixel_3a_xl/10021} BLOCKED
02-07 17:07:29.687   585  1768 I AppsFilter: interaction: PackageSetting{35c612e com.example.kassaku/10211} -> PackageSetting{23d77b7 com.android.internal.emulation.pixel_6_pro/10067} BLOCKED
02-07 17:07:29.687   585  1768 I AppsFilter: interaction: PackageSetting{35c612e com.example.kassaku/10211} -> PackageSetting{d2feb24 com.android.internal.emulation.pixel_7_pro/10074} BLOCKED
02-07 17:07:29.687   585  1768 I AppsFilter: interaction: PackageSetting{35c612e com.example.kassaku/10211} -> PackageSetting{8e4468d com.android.internal.emulation.pixel_8_pro/10050} BLOCKED
02-07 17:07:29.687   585  1768 I AppsFilter: interaction: PackageSetting{35c612e com.example.kassaku/10211} -> PackageSetting{4bf3042 com.android.internal.emulation.pixel_9_pro/10013} BLOCKED
02-07 17:07:29.687   585  1768 I AppsFilter: interaction: PackageSetting{35c612e com.example.kassaku/10211} -> PackageSetting{b27d853 com.android.internal.emulation.pixel_3a/10008} BLOCKED
02-07 17:07:29.687   585  1768 I AppsFilter: interaction: PackageSetting{35c612e com.example.kassaku/10211} -> PackageSetting{7129590 com.android.internal.emulation.pixel_4a/10045} BLOCKED
02-07 17:07:29.687   585  1768 I AppsFilter: interaction: PackageSetting{35c612e com.example.kassaku/10211} -> PackageSetting{9dbbe89 com.android.internal.emulation.pixel_6a/10081} BLOCKED
02-07 17:07:29.687   585  1768 I AppsFilter: interaction: PackageSetting{35c612e com.example.kassaku/10211} -> PackageSetting{d940e8e com.android.internal.emulation.pixel_7a/10073} BLOCKED
02-07 17:07:29.687   585  1768 I AppsFilter: interaction: PackageSetting{35c612e com.example.kassaku/10211} -> PackageSetting{44da6af com.android.internal.emulation.pixel_8a/10007} BLOCKED
02-07 17:07:29.687   585  1768 I AppsFilter: interaction: PackageSetting{35c612e com.example.kassaku/10211} -> PackageSetting{8337abc com.google.android.overlay.googlewebview/10049} BLOCKED
02-07 17:07:29.687   585  1768 I AppsFilter: interaction: PackageSetting{35c612e com.example.kassaku/10211} -> PackageSetting{6b8ba45 com.google.android.apps.safetyhub/10129} BLOCKED
02-07 17:07:29.687   585  1768 I AppsFilter: interaction: PackageSetting{35c612e com.example.kassaku/10211} -> PackageSetting{bc6859a com.google.android.hotspot2.osulogin/10201} BLOCKED
02-07 17:07:29.687   585  1768 I AppsFilter: interaction: PackageSetting{35c612e com.example.kassaku/10211} -> PackageSetting{f57fecb com.android.simappdialog/10121} BLOCKED
02-07 17:07:29.687   585  1768 I AppsFilter: interaction: PackageSetting{35c612e com.example.kassaku/10211} -> PackageSetting{41b86a8 com.android.internal.display.cutout.emulation.hole/10052} BLOCKED
02-07 17:07:29.687   585  1768 I AppsFilter: interaction: PackageSetting{35c612e com.example.kassaku/10211} -> PackageSetting{afb5c1 com.android.internal.display.cutout.emulation.tall/10006} BLOCKED
02-07 17:07:29.687   585  1768 I AppsFilter: interaction: PackageSetting{35c612e com.example.kassaku/10211} -> PackageSetting{8776166 com.android.internal.systemui.navbar.threebutton/10064} BLOCKED
02-07 17:07:29.687   585  1768 I AppsFilter: interaction: PackageSetting{35c612e com.example.kassaku/10211} -> PackageSetting{565bca7 com.android.camera2/10156} BLOCKED
02-07 17:07:29.687   585  1768 I AppsFilter: interaction: PackageSetting{35c612e com.example.kassaku/10211} -> PackageSetting{bf66554 com.android.internal.ranchu.commonoverlay/10051} BLOCKED
02-07 17:07:29.687   585  1768 I AppsFilter: interaction: PackageSetting{35c612e com.example.kassaku/10211} -> PackageSetting{dc0ecfd com.android.systemui.auto_generated_rro_vendor__/10090} BLOCKED
02-07 17:07:29.687   585  1768 I AppsFilter: interaction: PackageSetting{35c612e com.example.kassaku/10211} -> PackageSetting{c082df2 com.google.android.deskclock/10148} BLOCKED
02-07 17:07:29.687   585  1768 I AppsFilter: interaction: PackageSetting{35c612e com.example.kassaku/10211} -> PackageSetting{8a77c43 com.android.internal.systemui.navbar.twobutton/10001} BLOCKED
02-07 17:07:29.687   585  1768 I AppsFilter: interaction: PackageSetting{35c612e com.example.kassaku/10211} -> PackageSetting{5fe82c0 com.google.android.as/10137} BLOCKED
02-07 17:07:29.687   585  1768 I AppsFilter: interaction: PackageSetting{35c612e com.example.kassaku/10211} -> PackageSetting{9b45bf9 com.google.android.gm/10162} BLOCKED
02-07 17:07:29.687   585  1768 I AppsFilter: interaction: PackageSetting{35c612e com.example.kassaku/10211} -> PackageSetting{167373e com.android.compos.payload/10208} BLOCKED
02-07 17:07:29.688   585  1768 I AppsFilter: interaction: PackageSetting{35c612e com.example.kassaku/10211} -> PackageSetting{3bb999f com.android.systemui.emulation.pixel_3/10026} BLOCKED
02-07 17:07:29.688   585  1768 I AppsFilter: interaction: PackageSetting{35c612e com.example.kassaku/10211} -> PackageSetting{fa90aec com.android.systemui.emulation.pixel_4/10040} BLOCKED
02-07 17:07:29.688   585  1768 I AppsFilter: interaction: PackageSetting{35c612e com.example.kassaku/10211} -> PackageSetting{ad5beb5 com.android.systemui.emulation.pixel_5/10071} BLOCKED
02-07 17:07:29.688   585  1768 I AppsFilter: interaction: PackageSetting{35c612e com.example.kassaku/10211} -> PackageSetting{21b894a com.android.systemui.emulation.pixel_6/10041} BLOCKED
02-07 17:07:29.688   585  1768 I AppsFilter: interaction: PackageSetting{35c612e com.example.kassaku/10211} -> PackageSetting{2ca30bb com.android.systemui.emulation.pixel_7/10033} BLOCKED
02-07 17:07:29.688   585  1768 I AppsFilter: interaction: PackageSetting{35c612e com.example.kassaku/10211} -> PackageSetting{691e9d8 com.android.systemui.emulation.pixel_8/10055} BLOCKED
02-07 17:07:29.688   585  1768 I AppsFilter: interaction: PackageSetting{35c612e com.example.kassaku/10211} -> PackageSetting{6709131 com.android.systemui.emulation.pixel_9/10035} BLOCKED
02-07 17:07:29.688   585  1768 I AppsFilter: interaction: PackageSetting{35c612e com.example.kassaku/10211} -> PackageSetting{710f016 com.android.printspooler/10127} BLOCKED
02-07 17:07:29.688   585  1768 I AppsFilter: interaction: PackageSetting{35c612e com.example.kassaku/10211} -> PackageSetting{2611d97 com.google.android.connectivity.resources.goldfish.overlay/10088} BLOCKED
02-07 17:07:29.688   585  1768 I AppsFilter: interaction: PackageSetting{35c612e com.example.kassaku/10211} -> PackageSetting{427cb84 com.android.dreams.basic/10113} BLOCKED
02-07 17:07:29.688   585  1768 I AppsFilter: interaction: PackageSetting{35c612e com.example.kassaku/10211} -> PackageSetting{10c0f6d com.google.android.networkstack.tethering.emulator/10031} BLOCKED
02-07 17:07:29.688   585  1768 I AppsFilter: interaction: PackageSetting{35c612e com.example.kassaku/10211} -> PackageSetting{a23f7a2 com.android.providers.settings.auto_generated_rro_product__/10080} BLOCKED
02-07 17:07:29.688   585  1768 I AppsFilter: interaction: PackageSetting{35c612e com.example.kassaku/10211} -> PackageSetting{ffc33 com.google.android.as.oss/10130} BLOCKED
02-07 17:07:29.688   585  1768 I AppsFilter: interaction: PackageSetting{35c612e com.example.kassaku/10211} -> PackageSetting{8181bf0 com.android.traceur.auto_generated_rro_product__/10030} BLOCKED
02-07 17:07:29.688   585  1768 I AppsFilter: interaction: PackageSetting{35c612e com.example.kassaku/10211} -> PackageSetting{6673569 com.android.internal.emulation.pixel_9_pro_fold/10056} BLOCKED
02-07 17:07:29.688   585  1768 I AppsFilter: interaction: PackageSetting{35c612e com.example.kassaku/10211} -> PackageSetting{46debee com.google.android.devicelockcontroller/10203} BLOCKED
02-07 17:07:29.689   585  1768 I AppsFilter: interaction: PackageSetting{35c612e com.example.kassaku/10211} -> PackageSetting{8c4288f com.google.android.dialer/10131} BLOCKED
02-07 17:07:29.689   585  1768 I AppsFilter: interaction: PackageSetting{35c612e com.example.kassaku/10211} -> PackageSetting{d7b071c com.android.internal.emulation.pixel_3/10037} BLOCKED
02-07 17:07:29.689   585  1768 I AppsFilter: interaction: PackageSetting{35c612e com.example.kassaku/10211} -> PackageSetting{534bf25 com.android.internal.emulation.pixel_4/10058} BLOCKED
02-07 17:07:29.689   585  1768 I AppsFilter: interaction: PackageSetting{35c612e com.example.kassaku/10211} -> PackageSetting{550d8fa com.android.internal.emulation.pixel_5/10061} BLOCKED
02-07 17:07:29.689   585  1768 I AppsFilter: interaction: PackageSetting{35c612e com.example.kassaku/10211} -> PackageSetting{e4beab com.android.internal.emulation.pixel_6/10024} BLOCKED
02-07 17:07:29.689   585  1768 I AppsFilter: interaction: PackageSetting{35c612e com.example.kassaku/10211} -> PackageSetting{6bf7908 com.android.internal.emulation.pixel_7/10016} BLOCKED
02-07 17:07:29.689   585  1768 I AppsFilter: interaction: PackageSetting{35c612e com.example.kassaku/10211} -> PackageSetting{a9728a1 com.android.internal.emulation.pixel_8/10032} BLOCKED
02-07 17:07:29.689   585  1768 I AppsFilter: interaction: PackageSetting{35c612e com.example.kassaku/10211} -> PackageSetting{e438ac6 com.android.internal.emulation.pixel_9/10059} BLOCKED
02-07 17:07:29.689   585  1768 I AppsFilter: interaction: PackageSetting{35c612e com.example.kassaku/10211} -> PackageSetting{22e9a87 com.google.android.captiveportallogin/10119} BLOCKED
02-07 17:07:29.689   585  1768 I AppsFilter: interaction: PackageSetting{35c612e com.example.kassaku/10211} -> PackageSetting{c571db4 android.auto_generated_characteristics_rro/10053} BLOCKED
02-07 17:07:29.689   585  1768 I AppsFilter: interaction: PackageSetting{35c612e com.example.kassaku/10211} -> PackageSetting{95caddd com.google.android.appsearch.apk/10206} BLOCKED
02-07 17:07:29.689   585  1768 I AppsFilter: interaction: PackageSetting{35c612e com.example.kassaku/10211} -> PackageSetting{f5d8d52 com.android.musicfx/10093} BLOCKED
02-07 17:07:29.689   585  1768 I AppsFilter: interaction: PackageSetting{35c612e com.example.kassaku/10211} -> PackageSetting{b505823 com.google.android.apps.docs/10158} BLOCKED
02-07 17:07:29.689   585  1768 I AppsFilter: interaction: PackageSetting{35c612e com.example.kassaku/10211} -> PackageSetting{b94b464 com.google.android.apps.maps/10151} BLOCKED
02-07 17:07:29.689   585  1768 I AppsFilter: interaction: PackageSetting{35c612e com.example.kassaku/10211} -> PackageSetting{a226120 com.google.android.markup/10150} BLOCKED
02-07 17:07:29.689   585  1768 I AppsFilter: interaction: PackageSetting{35c612e com.example.kassaku/10211} -> PackageSetting{8fb4ad9 com.google.android.webview/10152} BLOCKED
02-07 17:07:29.689   585  1768 I AppsFilter: interaction: PackageSetting{35c612e com.example.kassaku/10211} -> PackageSetting{a32c9e com.google.android.rkpdapp/10193} BLOCKED
02-07 17:07:29.689   585  1768 I AppsFilter: interaction: PackageSetting{35c612e com.example.kassaku/10211} -> PackageSetting{d46537f com.google.android.contacts/10163} BLOCKED
02-07 17:07:29.689   585  1768 I AppsFilter: interaction: PackageSetting{35c612e com.example.kassaku/10211} -> PackageSetting{79c6f4c com.android.server.telecom.auto_generated_rro_product__/10039} BLOCKED
02-07 17:07:29.689   585  1768 I AppsFilter: interaction: PackageSetting{35c612e com.example.kassaku/10211} -> PackageSetting{84cbb95 com.android.phone.auto_generated_characteristics_rro/10017} BLOCKED
02-07 17:07:29.689   585  1768 I AppsFilter: interaction: PackageSetting{35c612e com.example.kassaku/10211} -> PackageSetting{41174aa com.google.android.overlay.googleconfig/10076} BLOCKED
02-07 17:07:29.689   585  1768 I AppsFilter: interaction: PackageSetting{35c612e com.example.kassaku/10211} -> PackageSetting{276a89b com.android.chrome/10145} BLOCKED
02-07 17:07:29.689   585  1768 I AppsFilter: interaction: PackageSetting{35c612e com.example.kassaku/10211} -> PackageSetting{6c73438 com.android.bips.auto_generated_rro_product__/10048} BLOCKED
02-07 17:07:29.689   585  1768 I AppsFilter: interaction: PackageSetting{35c612e com.example.kassaku/10211} -> PackageSetting{a7c11 com.google.android.apps.customization.pixel/10149} BLOCKED
02-07 17:07:29.690   585  1768 I AppsFilter: interaction: PackageSetting{35c612e com.example.kassaku/10211} -> PackageSetting{c6a3176 com.google.android.tag/10099} BLOCKED
02-07 17:07:29.690   585  1768 I AppsFilter: interaction: PackageSetting{35c612e com.example.kassaku/10211} -> PackageSetting{b8d3377 com.google.android.overlay.permissioncontroller/10060} BLOCKED
02-07 17:07:29.690   585  1768 I AppsFilter: interaction: PackageSetting{35c612e com.example.kassaku/10211} -> PackageSetting{5d75be4 com.google.android.partnersetup/10133} BLOCKED
02-07 17:07:29.690   585  1768 I AppsFilter: interaction: PackageSetting{35c612e com.example.kassaku/10211} -> PackageSetting{109c84d com.google.android.apps.wallpaper.nexus/10159} BLOCKED
02-07 17:07:29.690   585  1768 I AppsFilter: interaction: PackageSetting{35c612e com.example.kassaku/10211} -> PackageSetting{4bfef02 com.google.android.apps.nexuslauncher/10179} BLOCKED
02-07 17:07:29.690   585  1768 I AppsFilter: interaction: PackageSetting{35c612e com.example.kassaku/10211} -> PackageSetting{e179013 com.android.theme.font.notoserifsource/10047} BLOCKED
02-07 17:07:29.690   585  1768 I AppsFilter: interaction: PackageSetting{35c612e com.example.kassaku/10211} -> PackageSetting{fa05250 com.google.android.safetycenter.resources/10184} BLOCKED
02-07 17:07:29.690   585  1768 I AppsFilter: interaction: PackageSetting{35c612e com.example.kassaku/10211} -> PackageSetting{4c1f94e com.android.internal.display.cutout.emulation.waterfall/10028} BLOCKED
02-07 17:07:29.690   585  1768 I AppsFilter: interaction: PackageSetting{35c612e com.example.kassaku/10211} -> PackageSetting{e11a6f com.android.internal.systemui.navbar.transparent/10069} BLOCKED
02-07 17:07:29.690   585  1768 I AppsFilter: interaction: PackageSetting{35c612e com.example.kassaku/10211} -> PackageSetting{6c0437c com.google.android.connectivity.resources/10207} BLOCKED
02-07 17:07:29.690   585  1768 I AppsFilter: interaction: PackageSetting{35c612e com.example.kassaku/10211} -> PackageSetting{254b405 com.android.providers.contacts.auto_generated_rro_product__/10009} BLOCKED
02-07 17:07:29.690   585  1768 I AppsFilter: interaction: PackageSetting{35c612e com.example.kassaku/10211} -> PackageSetting{dc85c5a com.google.android.feedback/10172} BLOCKED
02-07 17:07:29.690   585  1768 I AppsFilter: interaction: PackageSetting{35c612e com.example.kassaku/10211} -> PackageSetting{20eee8b com.google.android.printservice.recommendation/10120} BLOCKED
02-07 17:07:29.690   585  1768 I AppsFilter: interaction: PackageSetting{35c612e com.example.kassaku/10211} -> PackageSetting{78c1b68 com.google.android.apps.photos/10168} BLOCKED
02-07 17:07:29.690   585  1768 I AppsFilter: interaction: PackageSetting{35c612e com.example.kassaku/10211} -> PackageSetting{e0804b8 com.google.android.calendar/10161} BLOCKED
02-07 17:07:29.690   585  1768 I AppsFilter: interaction: PackageSetting{35c612e com.example.kassaku/10211} -> PackageSetting{1718b81 com.google.android.documentsui/10096} BLOCKED
02-07 17:07:29.690   585  1768 I AppsFilter: interaction: PackageSetting{35c612e com.example.kassaku/10211} -> PackageSetting{c9fe426 com.android.systemui.emulation.pixel_3a_xl/10078} BLOCKED
02-07 17:07:29.690   585  1768 I AppsFilter: interaction: PackageSetting{35c612e com.example.kassaku/10211} -> PackageSetting{2fbe867 com.android.systemui.emulation.pixel_6_pro/10036} BLOCKED
02-07 17:07:29.690   585  1768 I AppsFilter: interaction: PackageSetting{35c612e com.example.kassaku/10211} -> PackageSetting{cbb8614 com.android.systemui.emulation.pixel_7_pro/10063} BLOCKED
02-07 17:07:29.690   585  1768 I AppsFilter: interaction: PackageSetting{35c612e com.example.kassaku/10211} -> PackageSetting{62a5ebd com.android.systemui.emulation.pixel_8_pro/10072} BLOCKED
02-07 17:07:29.690   585  1768 I AppsFilter: interaction: PackageSetting{35c612e com.example.kassaku/10211} -> PackageSetting{c161cb2 com.android.systemui.emulation.pixel_9_pro/10023} BLOCKED
02-07 17:07:29.690   585  1768 I AppsFilter: interaction: PackageSetting{35c612e com.example.kassaku/10211} -> PackageSetting{5d4a403 com.android.carrierconfig.auto_generated_rro_product__/10004} BLOCKED
02-07 17:07:29.690   585  1768 I AppsFilter: interaction: PackageSetting{35c612e com.example.kassaku/10211} -> PackageSetting{2d4ef80 com.android.devicediagnostics.auto_generated_rro_product__/10065} BLOCKED
02-07 17:07:29.690   585  1768 I AppsFilter: interaction: PackageSetting{35c612e com.example.kassaku/10211} -> PackageSetting{2a329b9 com.android.providers.partnerbookmarks/10114} BLOCKED
02-07 17:07:29.690   585  1768 I AppsFilter: interaction: PackageSetting{35c612e com.example.kassaku/10211} -> PackageSetting{44551fe com.android.wallpaper.livepicker/10097} BLOCKED
02-07 17:07:29.690   585  1768 I AppsFilter: interaction: PackageSetting{35c612e com.example.kassaku/10211} -> PackageSetting{8f37d5f com.android.providers.telephony.auto_generated_rro_product__/10034} BLOCKED
02-07 17:07:29.690   585  1768 I AppsFilter: interaction: PackageSetting{35c612e com.example.kassaku/10211} -> PackageSetting{65983ac com.android.phone.auto_generated_rro_vendor__/10089} BLOCKED
02-07 17:07:29.690   585  1768 I AppsFilter: interaction: PackageSetting{35c612e com.example.kassaku/10211} -> PackageSetting{d43a875 com.android.imsserviceentitlement/10138} BLOCKED
02-07 17:07:29.690   585  1768 I AppsFilter: interaction: PackageSetting{35c612e com.example.kassaku/10211} -> PackageSetting{2a0900a com.android.internal.emulation.pixel_9_pro_xl/10012} BLOCKED
02-07 17:07:29.690   585  1768 I AppsFilter: interaction: PackageSetting{35c612e com.example.kassaku/10211} -> PackageSetting{bfc907b com.google.android.healthconnect.controller/10194} BLOCKED
02-07 17:07:29.690   585  1768 I AppsFilter: interaction: PackageSetting{35c612e com.example.kassaku/10211} -> PackageSetting{8b12e98 com.android.internal.emulation.pixel_2_xl/10019} BLOCKED
02-07 17:07:29.690   585  1768 I AppsFilter: interaction: PackageSetting{35c612e com.example.kassaku/10211} -> PackageSetting{13356f1 com.android.internal.emulation.pixel_3_xl/10083} BLOCKED
02-07 17:07:29.690   585  1768 I AppsFilter: interaction: PackageSetting{35c612e com.example.kassaku/10211} -> PackageSetting{6bfa2d6 com.android.internal.emulation.pixel_4_xl/10038} BLOCKED
02-07 17:07:29.690   585  1768 I AppsFilter: interaction: PackageSetting{35c612e com.example.kassaku/10211} -> PackageSetting{ab9b957 com.android.internal.emulation.pixel_fold/10015} BLOCKED
02-07 17:07:29.690   585  1768 I AppsFilter: interaction: PackageSetting{35c612e com.example.kassaku/10211} -> PackageSetting{7d69c44 com.android.bookmarkprovider/10111} BLOCKED
02-07 17:07:29.690   585  1768 I AppsFilter: interaction: PackageSetting{35c612e com.example.kassaku/10211} -> PackageSetting{a95712d com.google.android.overlay.pixelconfigcommon/10002} BLOCKED
02-07 17:07:29.690   585  1768 I AppsFilter: interaction: PackageSetting{35c612e com.example.kassaku/10211} -> PackageSetting{feb1662 com.android.systemui.accessibility.accessibilitymenu.auto_generated_rro_product__/10044} BLOCKED
02-07 17:07:29.690   585  1768 I AppsFilter: interaction: PackageSetting{35c612e com.example.kassaku/10211} -> PackageSetting{9b693f3 com.android.systemui.emulation.pixel_3a/10077} BLOCKED
02-07 17:07:29.690   585  1768 I AppsFilter: interaction: PackageSetting{35c612e com.example.kassaku/10211} -> PackageSetting{4c338b0 com.android.systemui.emulation.pixel_4a/10042} BLOCKED
02-07 17:07:29.690   585  1768 I AppsFilter: interaction: PackageSetting{35c612e com.example.kassaku/10211} -> PackageSetting{a84f329 com.android.systemui.emulation.pixel_6a/10079} BLOCKED
02-07 17:07:29.690   585  1768 I AppsFilter: interaction: PackageSetting{35c612e com.example.kassaku/10211} -> PackageSetting{76836ae com.android.systemui.emulation.pixel_7a/10084} BLOCKED
02-07 17:07:29.690   585  1768 I AppsFilter: interaction: PackageSetting{35c612e com.example.kassaku/10211} -> PackageSetting{9c7c4f com.android.systemui.emulation.pixel_8a/10075} BLOCKED
02-07 17:07:29.690   585  1768 I AppsFilter: interaction: PackageSetting{35c612e com.example.kassaku/10211} -> PackageSetting{49b2fdc com.google.android.settings.intelligence/10140} BLOCKED
02-07 17:07:29.690   585  1768 I AppsFilter: interaction: PackageSetting{35c612e com.example.kassaku/10211} -> PackageSetting{7a43f18 com.google.android.projection.gearhead/10136} BLOCKED
02-07 17:07:29.690   585  1768 I AppsFilter: interaction: PackageSetting{35c612e com.example.kassaku/10211} -> PackageSetting{ed098e5 com.google.android.uwb.resources/10190} BLOCKED
02-07 17:07:29.690   585  1768 I AppsFilter: interaction: PackageSetting{35c612e com.example.kassaku/10211} -> PackageSetting{b85d71 com.android.cts.ctsshim/10188} BLOCKED
02-07 17:07:29.690   585  1768 I AppsFilter: interaction: PackageSetting{35c612e com.example.kassaku/10211} -> PackageSetting{3850fba com.google.android.wifi.resources/10200} BLOCKED
02-07 17:07:29.690   585  1768 I AppsFilter: interaction: PackageSetting{35c612e com.example.kassaku/10211} -> PackageSetting{e4e8e6b com.google.android.wifi.dialog/10202} BLOCKED
02-07 17:07:29.690   585  1768 I AppsFilter: interaction: PackageSetting{35c612e com.example.kassaku/10211} -> PackageSetting{8996dc8 com.android.wallpaper/10177} BLOCKED
02-07 17:07:29.690   585  1768 I AppsFilter: interaction: PackageSetting{35c612e com.example.kassaku/10211} -> PackageSetting{976de61 com.android.microdroid.empty_payload/10197} BLOCKED
02-07 17:07:29.690   585  1768 I AppsFilter: interaction: PackageSetting{35c612e com.example.kassaku/10211} -> PackageSetting{f646d86 com.google.android.apps.wallpaper/10176} BLOCKED
02-07 17:07:29.690   585  1768 I AppsFilter: interaction: PackageSetting{35c612e com.example.kassaku/10211} -> PackageSetting{2c5a647 com.google.android.odad/10132} BLOCKED
02-07 17:07:29.690   585  1768 I AppsFilter: interaction: PackageSetting{35c612e com.example.kassaku/10211} -> PackageSetting{8bb9e74 com.android.settings.auto_generated_rro_product__/10062} BLOCKED
02-07 17:07:29.690   585  1768 I AppsFilter: interaction: PackageSetting{35c612e com.example.kassaku/10211} -> PackageSetting{3e1ff9d com.android.systemui.emulation.pixel_9_pro_xl/10029} BLOCKED
02-07 17:07:29.690   585  1768 I AppsFilter: interaction: PackageSetting{35c612e com.example.kassaku/10211} -> PackageSetting{389dc12 com.android.companiondevicemanager.auto_generated_characteristics_rro/10057} BLOCKED
02-07 17:07:29.690   585  1768 I AppsFilter: interaction: PackageSetting{35c612e com.example.kassaku/10211} -> PackageSetting{aac5fe3 com.android.internal.systemui.navbar.gestural/10014} BLOCKED
02-07 17:07:29.690   585  1768 I AppsFilter: interaction: PackageSetting{35c612e com.example.kassaku/10211} -> PackageSetting{d2e2de0 com.google.android.apps.youtube.music/10157} BLOCKED
02-07 17:07:29.690   585  1768 I AppsFilter: interaction: PackageSetting{35c612e com.example.kassaku/10211} -> PackageSetting{9e3f899 com.android.bluetoothmidiservice/10115} BLOCKED
02-07 17:07:29.690   585  1768 I AppsFilter: interaction: PackageSetting{35c612e com.example.kassaku/10211} -> PackageSetting{b25a75e com.android.storagemanager.auto_generated_rro_product__/10018} BLOCKED
02-07 17:07:29.690   585  1768 I AppsFilter: interaction: PackageSetting{35c612e com.example.kassaku/10211} -> PackageSetting{8bb173f com.google.android.cellbroadcastreceiver/10191} BLOCKED
02-07 17:07:29.690   585  1768 I AppsFilter: interaction: PackageSetting{35c612e com.example.kassaku/10211} -> PackageSetting{278480c com.android.phone.auto_generated_rro_product__/10010} BLOCKED
02-07 17:07:29.690   585  1768 I AppsFilter: interaction: PackageSetting{35c612e com.example.kassaku/10211} -> PackageSetting{8728555 com.android.systemui.emulation.pixel_9_pro_fold/10027} BLOCKED
02-07 17:07:29.690   585  1768 I AppsFilter: interaction: PackageSetting{35c612e com.example.kassaku/10211} -> PackageSetting{220db6a android.auto_generated_rro_product__/10005} BLOCKED
02-07 17:07:29.690   585  1768 I AppsFilter: interaction: PackageSetting{35c612e com.example.kassaku/10211} -> PackageSetting{8d3e85b com.google.android.inputmethod.latin/10154} BLOCKED
02-07 17:07:29.690   585  1768 I AppsFilter: interaction: PackageSetting{35c612e com.example.kassaku/10211} -> PackageSetting{467d8f8 android.auto_generated_rro_vendor__/10087} BLOCKED
02-07 17:07:29.690   585  1768 I AppsFilter: interaction: PackageSetting{35c612e com.example.kassaku/10211} -> PackageSetting{c2321d1 com.google.android.apps.restore/10139} BLOCKED
02-07 17:07:29.691  1049  1049 W GCM     : Invalid request, no callback for what: 4
02-07 17:07:29.691  1049  1049 W GCM     : Invalid request, no callback for what: 5
02-07 17:07:29.705   384   464 I netd    : tetherGetStats() -> {[]} <0.98ms>
02-07 17:07:29.711  3568  3585 I DynamiteModule: Considering local module com.google.android.gms.measurement.dynamite:127 and remote module com.google.android.gms.measurement.dynamite:115
02-07 17:07:29.711  3568  3585 I DynamiteModule: Selected local version of com.google.android.gms.measurement.dynamite
02-07 17:07:29.713  3568  3568 D MainActivity: Notification channel created: kassaku_notifications
02-07 17:07:29.718  3568  3568 D CompatChangeReporter: Compat change id reported: 309578419; UID 10211; state: ENABLED
02-07 17:07:29.747  3568  3594 I FA      : App measurement initialized, version: 106000
02-07 17:07:29.748  3568  3594 I FA      : To enable debug logging run: adb shell setprop log.tag.FA VERBOSE
02-07 17:07:29.748  3568  3594 I FA      : To enable faster debug mode event logging run:
02-07 17:07:29.748  3568  3594 I FA      :   adb shell setprop debug.firebase.analytics.app com.example.kassaku
02-07 17:07:29.748  3568  3568 W HWUI    : Unknown dataspace 0
02-07 17:07:29.755  3568  3568 D MainActivity: FCM Token: fjXz-5ymRiODyhEn19g2Fm:APA91bFk8j2T_NpQrMleS_1ii3mxFKPX2hg2soZ3c9COE_zLOnF-hLgoK9eCyw_eEj-kWSUgr8jGR9JIGYrpAJQKyzR67PBhiIxbgEbpEUz975ys3OPLuJo
02-07 17:07:29.824   585  1768 D ActivityManager: sync unfroze 1510 com.google.android.gms for 6
02-07 17:07:29.830  1510  1510 D BoundBrokerSvc: onBind: Intent { act=com.google.android.gms.measurement.START pkg=com.google.android.gms }
02-07 17:07:29.830  1510  1510 D BoundBrokerSvc: Loading bound service for intent: Intent { act=com.google.android.gms.measurement.START pkg=com.google.android.gms }
02-07 17:07:29.831  3568  3594 I FA      : Tag Manager is not found and thus will not be used
02-07 17:07:29.987  3568  3568 W example.kassaku: Method boolean androidx.compose.runtime.snapshots.SnapshotStateList.conditionalUpdate(boolean, kotlin.jvm.functions.Function1) failed lock verification and will run slower.
02-07 17:07:29.987  3568  3568 W example.kassaku: Common causes for lock verification issues are non-optimized dex code
02-07 17:07:29.987  3568  3568 W example.kassaku: and incorrect proguard optimizations.
02-07 17:07:29.987  3568  3568 W example.kassaku: Method boolean androidx.compose.runtime.snapshots.SnapshotStateList.conditionalUpdate$default(androidx.compose.runtime.snapshots.SnapshotStateList, boolean, kotlin.jvm.functions.Function1, int, java.lang.Object) failed lock verification and will run slower.
02-07 17:07:29.987  3568  3568 W example.kassaku: Method java.lang.Object androidx.compose.runtime.snapshots.SnapshotStateList.mutate(kotlin.jvm.functions.Function1) failed lock verification and will run slower.
02-07 17:07:29.987  3568  3568 W example.kassaku: Method void androidx.compose.runtime.snapshots.SnapshotStateList.update(boolean, kotlin.jvm.functions.Function1) failed lock verification and will run slower.
02-07 17:07:29.987  3568  3568 W example.kassaku: Method void androidx.compose.runtime.snapshots.SnapshotStateList.update$default(androidx.compose.runtime.snapshots.SnapshotStateList, boolean, kotlin.jvm.functions.Function1, int, java.lang.Object) failed lock verification and will run slower.
02-07 17:07:30.021  3568  3572 I example.kassaku: Compiler allocated 5174KB to compile void android.view.ViewRootImpl.performTraversals()
02-07 17:07:30.041   585  1768 D CoreBackPreview: Window{e661e33 u0 com.example.kassaku/com.example.kassaku.MainActivity}: Setting back callback OnBackInvokedCallbackInfo{mCallback=android.window.IOnBackInvokedCallback$Stub$Proxy@f2b5aa1, mPriority=0, mIsAnimationCallback=false}
02-07 17:07:30.081  3568  3590 I EGL_emulation: Opening libGLESv1_CM_emulation.so
02-07 17:07:30.082  3568  3590 I EGL_emulation: Opening libGLESv2_emulation.so
02-07 17:07:30.094  3568  3590 W HWUI    : Failed to initialize 101010-2 format, error = EGL_SUCCESS
--------- beginning of kernel
02-07 17:07:30.162     0     0 I servicemanager: Caller(pid=3568,uid=10211,sid=u:r:untrusted_app:s0:c211,c256,c512,c768) Could not find android.hardware.graphics.allocator.IAllocator/default in the VINTF manifest. No alternative instances declared in VINTF.
02-07 17:07:30.134   177   177 I hwservicemanager: getTransport: Cannot find entry android.hardware.graphics.mapper@4.0::IMapper/default in either framework or device VINTF manifest.
02-07 17:07:30.135  3568  3590 I Gralloc4: mapper 4.x is not supported
02-07 17:07:30.299   585   607 W ziparchive: Unable to open '/data/app/~~duxtdjZUTwQxrNRvVZRsWA==/com.example.kassaku-s967QZq2tr4OyAsUnqW9dw==/base.dm': No such file or directory
02-07 17:07:30.303   585   607 I ActivityTaskManager: Displayed com.example.kassaku/.MainActivity for user 0: +1s894ms
02-07 17:07:30.366  1049  1629 I FontLog : Received query Noto Color Emoji Compat, URI content://com.google.android.gms.fonts [CONTEXT service_id=132 ]
02-07 17:07:30.367  1049  1629 I FontLog : Query [emojicompat-emoji-font] resolved to {Noto Color Emoji Compat, wdth 100.0, wght 400, ital 0.0, bestEffort false} [CONTEXT service_id=132 ]
02-07 17:07:30.372  1049  1629 I FontLog : Fetch {Noto Color Emoji Compat, wdth 100.0, wght 400, ital 0.0, bestEffort false} end status Status{statusCode=SUCCESS, resolution=null} [CONTEXT service_id=132 ]
02-07 17:07:30.381  1049  1629 I FontLog : Pulling font file for id = 11, cache size = 9 [CONTEXT service_id=132 ]
02-07 17:07:30.406  1049  1629 I FontLog : Pulling font file for id = 11, cache size = 9 [CONTEXT service_id=132 ]
02-07 17:07:30.441   585   700 I ImeTracker: com.example.kassaku:d2fb8eb3: onRequestHide at ORIGIN_SERVER reason HIDE_UNSPECIFIED_WINDOW fromUser false
02-07 17:07:30.441   585   700 I ImeTracker: com.example.kassaku:d2fb8eb3: onCancelled at PHASE_SERVER_SHOULD_HIDE
02-07 17:07:30.462  1387  2018 I BistoHotwordHelper: (REDACTED) getHotwordActive::active query: %s, watch: %s, devices connected: %s
02-07 17:07:30.467  1308  1308 I GoogleInputMethodService: GoogleInputMethodService.onFinishInput():3157 
02-07 17:07:30.472  1308  1308 I GoogleInputMethodService: GoogleInputMethodService.updateDeviceLockedStatus():2248 repeatCheckTimes = 0, locked = false
02-07 17:07:30.473  1308  1308 I GoogleInputMethodService: GoogleInputMethodService.onStartInput():1986 onStartInput(EditorInfo{EditorInfo{packageName=com.example.kassaku, inputType=0, inputTypeString=NULL, enableLearning=false, autoCorrection=false, autoComplete=false, imeOptions=0, privateImeOptions=null, actionName=UNSPECIFIED, actionLabel=null, initialSelStart=-1, initialSelEnd=-1, initialCapsMode=0, label=null, fieldId=0, fieldName=null, extras=null, hintText=null, hintLocales=[]}}, false)
02-07 17:07:30.473  1308  1308 I GoogleInputMethodService: GoogleInputMethodService.updateDeviceLockedStatus():2248 repeatCheckTimes = 1, locked = false
02-07 17:07:30.474  1308  1308 I AndroidIME: InputBundleManager.loadActiveInputBundleId():450 loadActiveInputBundleId: und-Latn-x-password, password
02-07 17:07:30.475   585   668 W PackageConfigPersister: App-specific configuration not found for packageName: com.example.kassaku and userId: 0
02-07 17:07:30.725   384   464 I netd    : tetherGetStats() -> {[]} <2.43ms>
02-07 17:07:30.727   824   915 W WindowOnBackDispatcher: sendCancelIfRunning: isInProgress=false callback=android.view.ViewRootImpl$$ExternalSyntheticLambda11@e8ae34
02-07 17:07:30.727   585   668 D CoreBackPreview: Window{6f8978 u0 Splash Screen com.example.kassaku EXITING}: Setting back callback null
02-07 17:07:30.728   585  1768 W InputManager-JNI: Input channel object '6f8978 Splash Screen com.example.kassaku (client)' was disposed without first being removed with the input manager!
02-07 17:07:30.733  1290  1290 D BaseDepthController: setSurface:
02-07 17:07:30.733  1290  1290 D BaseDepthController: 	mWaitingOnSurfaceValidity: false
02-07 17:07:30.733  1290  1290 D BaseDepthController: 	mSurface: null
02-07 17:07:30.733  1290  1290 D BaseDepthController: mSurface is null and mCurrentBlur is: 0
02-07 17:07:30.735  1290  1290 D StateManager: goToState - fromState: Normal, toState: Normal, partial trace:
02-07 17:07:30.735  1290  1290 D StateManager: 	at com.android.launcher3.statemanager.StateManager.moveToRestState(go/retraceme 31f9979659277bb965985aff1272c33e3c3c9e755b77166d20a2465454178f2c:4)
02-07 17:07:30.735  1290  1290 D StateManager: 	at com.android.launcher3.statemanager.StateManager.moveToRestState(go/retraceme 31f9979659277bb965985aff1272c33e3c3c9e755b77166d20a2465454178f2c:1)
02-07 17:07:30.735  1290  1290 D StateManager: 	at com.android.launcher3.statemanager.StatefulActivity.onStop(go/retraceme 31f9979659277bb965985aff1272c33e3c3c9e755b77166d20a2465454178f2c:34)
02-07 17:07:30.735  1290  1290 D StatsLog: LAUNCHER_ONSTOP
02-07 17:07:30.736   585  1768 I AppWidgetServiceImpl: setAppWidgetHidden() 0
02-07 17:07:30.737  1290  1823 D OneSearchSuggestProvider: Shut down the binder channel
02-07 17:07:30.738  1290  1290 D StatsLog: LAUNCHER_GOOGLE_SEARCH_RESTORE_LIST_SIZE_AFTER_ACTIVITY_RESTART
02-07 17:07:30.924   824  1019 D EGL_emulation: app_time_stats: avg=281.39ms min=2.14ms max=2195.16ms count=8
02-07 17:07:31.136  3568  3568 I Choreographer: Skipped 34 frames!  The application may be doing too much work on its main thread.
02-07 17:07:31.166  3568  3577 I HWUI    : Davey! duration=731ms; Flags=0, FrameTimelineVsyncId=95128, IntendedVsync=452913184669, Vsync=452979851333, InputEventId=0, HandleInputStart=452994911303, AnimationStart=452994912834, PerformTraversalsStart=453008537302, DrawStart=453008649158, FrameDeadline=453046517997, FrameInterval=452994904985, FrameStartTime=16666666, SyncQueued=453009824305, SyncStart=453054625973, IssueDrawCommandsStart=453054825766, SwapBuffers=453605983222, FrameCompleted=453689289028, DequeueBufferDuration=1881, QueueBufferDuration=133894, GpuCompleted=453689289028, SwapBuffersCompleted=453681991471, DisplayPresentTime=0, CommandSubmissionCompleted=453605983222, 
02-07 17:07:31.423   585  1461 E TaskPersister: File error accessing recents directory (directory doesn't exist?).
02-07 17:07:31.435  3568  3590 D EGL_emulation: app_time_stats: avg=63.30ms min=7.12ms max=627.45ms count=15
02-07 17:07:32.455  3568  3590 D EGL_emulation: app_time_stats: avg=11.27ms min=6.38ms max=21.67ms count=46
02-07 17:07:32.914   585   610 D OomAdjuster: Not killing cached processes
02-07 17:07:33.492     0     0 I logd    : logdr: UID=2000 GID=2000 PID=3610 n tail=0 logMask=99 pid=0 start=0ns deadline=0ns
02-07 17:07:33.463  3568  3590 D EGL_emulation: app_time_stats: avg=36.41ms min=6.62ms max=153.74ms count=23
02-07 17:07:34.465  3568  3590 D EGL_emulation: app_time_stats: avg=70.66ms min=15.38ms max=535.90ms count=13
02-07 17:07:34.831  3568  3613 D ProfileInstaller: Installing profile for com.example.kassaku
02-07 17:07:35.496  3568  3568 D InsetsController: show(ime(), fromIme=false)
02-07 17:07:35.496  1308  1308 I GoogleInputMethodService: GoogleInputMethodService.onFinishInput():3157 
02-07 17:07:35.497  3568  3568 I ImeTracker: com.example.kassaku:b8f25af8: onRequestShow at ORIGIN_CLIENT reason SHOW_SOFT_INPUT_BY_INSETS_API fromUser false
02-07 17:07:35.497  1308  1308 I GoogleInputMethodService: GoogleInputMethodService.updateDeviceLockedStatus():2248 repeatCheckTimes = 0, locked = false
02-07 17:07:35.497  1308  1308 I GoogleInputMethodService: GoogleInputMethodService.onStartInput():1986 onStartInput(EditorInfo{EditorInfo{packageName=com.example.kassaku, inputType=8001, inputTypeString=Normal, enableLearning=true, autoCorrection=true, autoComplete=true, imeOptions=2000005, privateImeOptions=null, actionName=NEXT, actionLabel=null, initialSelStart=0, initialSelEnd=0, initialCapsMode=0, label=null, fieldId=-1, fieldName=null, extras=Bundle[mParcelledData.dataSize=404], hintText=null, hintLocales=[]}}, false)
02-07 17:07:35.498  1308  1308 I GoogleInputMethodService: GoogleInputMethodService.updateDeviceLockedStatus():2248 repeatCheckTimes = 1, locked = false
02-07 17:07:35.498  1308  1308 I AndroidIME: InputBundleManager.loadActiveInputBundleId():450 loadActiveInputBundleId: en-US, ime_english_united_states
02-07 17:07:35.499  3568  3568 D InputMethodManager: showSoftInput() view=androidx.compose.ui.platform.AndroidComposeView{e6292e1 VFED..... .F....ID 0,0-1080,2400 aid=1073741824} flags=0 reason=SHOW_SOFT_INPUT_BY_INSETS_API
02-07 17:07:35.501   585  1768 W PackageConfigPersister: App-specific configuration not found for packageName: com.example.kassaku and userId: 0
02-07 17:07:35.504  1308  1308 I GoogleInputMethodService: GoogleInputMethodService.onStartInput():1986 onStartInput(EditorInfo{EditorInfo{packageName=com.example.kassaku, inputType=8001, inputTypeString=Normal, enableLearning=true, autoCorrection=true, autoComplete=true, imeOptions=2000005, privateImeOptions=null, actionName=NEXT, actionLabel=null, initialSelStart=0, initialSelEnd=0, initialCapsMode=0, label=null, fieldId=-1, fieldName=null, extras=Bundle[mParcelledData.dataSize=404], hintText=null, hintLocales=[]}}, true)
02-07 17:07:35.504  1308  1308 I GoogleInputMethodService: GoogleInputMethodService.updateDeviceLockedStatus():2248 repeatCheckTimes = 1, locked = false
02-07 17:07:35.504  1308  1308 W SessionManager: SessionManager.beginSession():53 Try to begin an already begun session [INPUT_SESSION], end it first
02-07 17:07:35.505  1308  1308 I AndroidIME: InputBundleManager.loadActiveInputBundleId():450 loadActiveInputBundleId: en-US, ime_english_united_states
02-07 17:07:35.505   585  1768 W PackageConfigPersister: App-specific configuration not found for packageName: com.example.kassaku and userId: 0
02-07 17:07:35.505  1308  1308 I StylusModule: StylusModule.onUpdateToolType():770 Update tool type = 2
02-07 17:07:35.506  1308  1308 I AbstractOpenableExtension: AbstractOpenableExtension.maybeDestroyExistingKeyboardGroupManager():538 Destroy existing keyboard group manager in eid
02-07 17:07:35.508  1308  1308 I GoogleInputMethodService: GoogleInputMethodService.onCreateInputView():1884 onCreateInputView()
02-07 17:07:35.520   384   464 I netd    : tetherGetStats() -> {[]} <3.80ms>
02-07 17:07:35.525  3568  3590 D EGL_emulation: app_time_stats: avg=25.41ms min=13.83ms max=68.95ms count=34
02-07 17:07:35.526  1308  1308 I KeyboardModeManager: KeyboardModeManager.setInputViewKeyboardViewHolderProvider():625 setInputView() : supportsOneHandedMode=true supportsSplitMode=true
02-07 17:07:35.526  1308  1308 I AndroidIME: KeyboardViewManager.updateKeyboardBackgroundFrameVisibility():314 Set background frame visibility. old:8, new:8
02-07 17:07:35.526  1308  1308 I NormalModeController: NormalModeController.getKeyboardBodyViewHolderPaddingBottom():104 currentPrimeKeyboardType:SOFT systemPaddingBottom:-1
02-07 17:07:35.526  1308  1308 I KeyboardHeightUtil: KeyboardHeightUtil.calculateMaxKeyboardBodyHeight():45 leave 281 height for app when ime window height:2146, header height:116 and isFullscreenMode:false, so the max keyboard body height is:1749
02-07 17:07:35.527  1308  1308 I KeyboardHeightUtil: KeyboardHeightUtil.calculateMaxKeyboardBodyHeight():45 leave 281 height for app when ime window height:2146, header height:116 and isFullscreenMode:false, so the max keyboard body height is:1749
02-07 17:07:35.527  1308  1308 I KeyboardHeightUtil: KeyboardHeightUtil.calculateMaxKeyboardBodyHeight():45 leave 281 height for app when ime window height:2146, header height:116 and isFullscreenMode:false, so the max keyboard body height is:1749
02-07 17:07:35.527  1308  1308 I KeyboardHeightUtil: KeyboardHeightUtil.calculateMaxKeyboardBodyHeight():45 leave 281 height for app when ime window height:2146, header height:116 and isFullscreenMode:false, so the max keyboard body height is:1749
02-07 17:07:35.527  1308  1308 I NormalModeController: NormalModeController.getKeyboardBodyViewHolderPaddingBottom():104 currentPrimeKeyboardType:SOFT systemPaddingBottom:-1
02-07 17:07:35.527  1308  1308 I KeyboardHeightUtil: KeyboardHeightUtil.calculateMaxKeyboardBodyHeight():45 leave 281 height for app when ime window height:2146, header height:116 and isFullscreenMode:false, so the max keyboard body height is:1749
02-07 17:07:35.527  1308  1308 I KeyboardHeightUtil: KeyboardHeightUtil.calculateMaxKeyboardBodyHeight():45 leave 281 height for app when ime window height:2146, header height:116 and isFullscreenMode:false, so the max keyboard body height is:1749
02-07 17:07:35.527  1308  1308 I KeyboardModeManager: KeyboardModeManager.setInputViewKeyboardViewHolderProvider():613 setInputView() : supportsOneHandedMode=true, supportSplitMode=true
02-07 17:07:35.528  1308  1308 I GoogleInputMethodService: GoogleInputMethodService.onStartInputView():2098 onStartInputView(EditorInfo{EditorInfo{packageName=com.example.kassaku, inputType=8001, inputTypeString=Normal, enableLearning=true, autoCorrection=true, autoComplete=true, imeOptions=2000005, privateImeOptions=null, actionName=NEXT, actionLabel=null, initialSelStart=0, initialSelEnd=0, initialCapsMode=0, label=null, fieldId=-1, fieldName=null, extras=Bundle[{android.support.text.emoji.emojiCompat_metadataVersion=9, androidx.core.view.inputmethod.EditorInfoCompat.STYLUS_HANDWRITING_ENABLED=true, android.support.text.emoji.emojiCompat_replaceAll=false}], hintText=null, hintLocales=[]}}, false)
02-07 17:07:35.528  3568  3568 I ImeTracker: com.example.kassaku:51deca71: onRequestShow at ORIGIN_CLIENT reason SHOW_SOFT_INPUT fromUser false
02-07 17:07:35.528  3568  3568 D InputMethodManager: showSoftInput() view=androidx.compose.ui.platform.AndroidComposeView{e6292e1 VFED..... .F...... 0,0-1080,2400 aid=1073741824} flags=0 reason=SHOW_SOFT_INPUT
02-07 17:07:35.529  1308  1308 I GoogleInputMethodService: GoogleInputMethodService.updateDeviceLockedStatus():2248 repeatCheckTimes = 1, locked = false
02-07 17:07:35.532  1308  1308 I KeyboardHeightUtil: KeyboardHeightUtil.getOemKeyboardHeightRatio():206 systemKeyboardHeightRatio:1.000000.
02-07 17:07:35.542  1308  1308 I LatinIme: LatinIme.<init>():377 Language = en-US
02-07 17:07:35.544  1308  1308 I Delight5Facilitator: Delight5Facilitator.initializeForIme():747 initializeForIme() : Locale = [en_US], layout = qwerty
02-07 17:07:35.545  1308  1308 I AndroidIME: AbstractIme.onActivate():89 LatinIme.onActivate() : EditorInfo = EditorInfo{packageName=com.example.kassaku, inputType=8001, inputTypeString=Normal, enableLearning=true, autoCorrection=true, autoComplete=true, imeOptions=2000005, privateImeOptions=null, actionName=NEXT, actionLabel=null, initialSelStart=0, initialSelEnd=0, initialCapsMode=0, label=null, fieldId=-1, fieldName=null, extras=Bundle[{android.support.text.emoji.emojiCompat_metadataVersion=9, androidx.core.view.inputmethod.EditorInfoCompat.STYLUS_HANDWRITING_ENABLED=true, android.support.text.emoji.emojiCompat_replaceAll=false}], hintText=null, hintLocales=[]}, IncognitoMode = false, DeviceLocked = false
02-07 17:07:35.549  1308  1308 I VoiceInputHandler: VoiceInputHandler.onActivateIme():99 registering TalkbackStateListener
02-07 17:07:35.549  1308  1308 I VoiceInputManagerWrapper: VoiceInputManagerWrapper.cancelShutdown():102 cancelShutdown()
02-07 17:07:35.549  1308  1308 I VoiceInputManagerWrapper: VoiceInputManagerWrapper.syncLanguagePacks():114 syncLanguagePacks()
02-07 17:07:35.550  1308  3213 I SpeechFactory: SpeechRecognitionFactory.maybeScheduleAutoPackDownloadForFallback():200 maybeScheduleAutoPackDownloadForFallback()
02-07 17:07:35.550  1308  1308 I LatinIme: LatinIme.updateEnableInlineSuggestionsOnDecoderSideFlags():1174 inline flag updated to:false
02-07 17:07:35.550  1308  3213 I FallbackOnDeviceRecognitionProvider: FallbackOnDeviceRecognitionProvider.maybeScheduleAutoPackDownload():197 maybeScheduleAutoPackDownload() for language tag en-US
02-07 17:07:35.555  1308  1308 I InputBundle: InputBundle.consumeEvent():884 Skip consuming an event as keyboard status is 0
