02-07 17:07:45.953  1308  1308 W SessionManager: SessionManager.endSession():96 Child session [IME_SESSION] is not ended while ending session [{INPUT_VIEW_SESSION=1770458858633, INPUT_SESSION=1770458858394, IME_SESSION=1770458858707}], ending it now.
02-07 17:07:45.969  3568  3568 I ImeTracker: com.example.kassaku:9169d125: onRequestShow at ORIGIN_CLIENT reason SHOW_SOFT_INPUT fromUser false
02-07 17:07:45.969  3568  3568 D InputMethodManager: showSoftInput() view=androidx.compose.ui.platform.AndroidComposeView{e6292e1 VFED..... .F...... 0,0-1080,2400 aid=1073741824} flags=0 reason=SHOW_SOFT_INPUT
02-07 17:07:45.971  1308  1308 I AndroidIME: InputBundleManager.loadActiveInputBundleId():450 loadActiveInputBundleId: en-US, ime_english_united_states
02-07 17:07:45.972  1308  1308 I AndroidIME: AbstractIme.onDeactivate():202 PasswordIme.onDeactivate()
02-07 17:07:45.972  1308  1308 W SessionManager: SessionManager.endSession():88 Try to end a not begun session [IME_SESSION].
02-07 17:07:45.972  1308  1308 E SessionManager: SessionManager.beginSession():60 Try to begin a session [IME_SESSION] whose parent [INPUT_VIEW_SESSION] hasn't begun.
02-07 17:07:45.973  1308  1308 I AndroidIME: AbstractIme.onActivate():89 LatinIme.onActivate() : EditorInfo = EditorInfo{packageName=com.example.kassaku, inputType=8001, inputTypeString=Normal, enableLearning=true, autoCorrection=true, autoComplete=true, imeOptions=2000005, privateImeOptions=null, actionName=NEXT, actionLabel=null, initialSelStart=4, initialSelEnd=4, initialCapsMode=0, label=null, fieldId=-1, fieldName=null, extras=Bundle[mParcelledData.dataSize=404], hintText=null, hintLocales=[]}, IncognitoMode = false, DeviceLocked = false
02-07 17:07:45.973  1308  1308 I Delight5Facilitator: Delight5Facilitator.initializeForIme():747 initializeForIme() : Locale = [en_US], layout = qwerty
02-07 17:07:45.974  1308  1308 I VoiceInputHandler: VoiceInputHandler.onActivateIme():99 registering TalkbackStateListener
02-07 17:07:45.974  1308  1308 I VoiceInputManagerWrapper: VoiceInputManagerWrapper.cancelShutdown():102 cancelShutdown()
02-07 17:07:45.975  1308  1308 I VoiceInputManagerWrapper: VoiceInputManagerWrapper.syncLanguagePacks():114 syncLanguagePacks()
02-07 17:07:45.975  1308  1308 I LatinIme: LatinIme.updateEnableInlineSuggestionsOnDecoderSideFlags():1174 inline flag updated to:false
02-07 17:07:45.978  1308  3213 I SpeechFactory: SpeechRecognitionFactory.maybeScheduleAutoPackDownloadForFallback():200 maybeScheduleAutoPackDownloadForFallback()
02-07 17:07:45.978  1308  3213 I FallbackOnDeviceRecognitionProvider: FallbackOnDeviceRecognitionProvider.maybeScheduleAutoPackDownload():197 maybeScheduleAutoPackDownload() for language tag en-US
02-07 17:07:45.981  1308  1308 I InputBundle: InputBundle.consumeEvent():884 Skip consuming an event as keyboard status is 0
02-07 17:07:45.982  1308  1308 I KeyboardWrapper: KeyboardWrapper.activateKeyboard():575 activateKeyboard(): type=prime, status=0, imeDef=ktt{stringId=ime_english_united_states, language=en-US, languageTag=en-US, processedConditions={enable_number_row=false, device=phone}, className=com.google.android.apps.inputmethod.libs.latin5.LatinIme, label=0, keyEventInterpreter=null, inlineComposing=true, autoCapital=true, announceAutoSelectedCandidate=true, statusIcon=0, primeKeyboardType=SOFT, indicatorIcon=0, indicatorLabel=US, displayAppCompletions=true, extraValues=ktl{}, processors=kvl@9f8ba3f, unacceptableMetaKeys=4098, languageSpecificSettings=0, asciiCapable=true, alwaysShowSuggestions=false, useAsciiPasswordKeyboard=false, secondaryIme=null, keyboardGroupDef=kut@8591e1e, phenotypeFlagId=0, localizationLanguageTag=null, supportsInlineSuggestion=true, supportsAccessPoints=true}
02-07 17:07:45.982  1308  1308 I KeyboardManager: KeyboardManager.requestKeyboard():234 Creating keyboard prime, imeId=ime_english_united_states, cacheKey=theme_border_stylesheet_noshadow_gsans_pillkey_silkpopup_hover_light_phone_bottom4dp_navredesign
02-07 17:07:45.983  1308  1308 I KeyboardWrapper: KeyboardWrapper.onKeyboardReady():239 onKeyboardReady(): type=accessory(prime), kb=com.google.android.apps.inputmethod.latin.keyboard.LatinPrimeKeyboard@eef969e
02-07 17:07:45.983  1308  1308 I KeyboardWrapper: KeyboardWrapper.doActivateKeyboard():606 doActivateKeyboard(): prime
02-07 17:07:46.005  1308  1308 I KeyboardViewHelper: KeyboardViewHelper.getView():168 Get view with height ratio:1.000000
02-07 17:07:46.014  1308  1308 I KeyboardHeightUtil: KeyboardHeightUtil.calculateMaxKeyboardBodyHeight():45 leave 281 height for app when ime window height:2146, header height:116 and isFullscreenMode:false, so the max keyboard body height is:1749
02-07 17:07:46.014  1308  1308 W Keyboard: Keyboard.getKeyboardViewHelper():574 null helper is returned: keyboardDef=kuo{processedConditions={enable_more_candidates_view_for_multilingual=false, enable_secondary_symbols=false, variant=qwerty, language=en-US, device=phone, expressions=normal, keyboard_mode=normal, show_secondary_digits=true, enable_preemptive_decode=true, rtl_layout=false}, globalConditions={global_theme_key=theme_border_stylesheet_noshadow_gsans_pillkey_silkpopup_hover_light_phone_bottom4dp_navredesign, global_locale=en_US, global_density_dpi=420, global_orientation=1}, className=.latin.keyboard.LatinPrimeKeyboard, resourceIds=[#0x7f170663, #0x7f1708e0], initialStates=0, keyboardViewDefs=[kvb{direction=null, id=#0x7f0b014d, isScalable=true, layoutId=#0x7f0e039d, type=BODY, touchable=true, defaultShow=true}, kvb{direction=null, id=#0x7f0b014d, isScalable=false, layoutId=#0x7f0e01aa, type=FLOATING_CANDIDATES, touchable=false, defaultShow=false}, kvb{direction=LOCALE, id=#0x7f0b014d, isScalable=false, layoutId=#0x7f0e0591, type=HEADER, touchable=true, defaultShow=true}], persistentStates=0, persistentStatesPrefKey=null, popupBubbleLayoutId=#0x7f0e068d, recentKeyLayoutId=0, recentKeyPopupLayoutId=0, recentKeyType=null, rememberRecentKey=NONE, sessionStates=17592186044419}, type=WIDGET, helpersCreated=[kib@6967717, kib@923e704, kib@5c4c4ed, null], context.getResources().getConfiguration(): {1.0 310mcc260mnc [en_US] ldltr sw411dp w411dp h914dp 420dpi nrml long port finger qwerty/v/v dpad/v winConfig={ mBounds=Rect(0, 0 - 1080, 2400) mAppBounds=Rect(0, 0 - 1080, 2400) mMaxBounds=Rect(0, 0 - 1080, 2400) mDisplayRotation=ROTATION_0 mWindowingMode=fullscreen mActivityType=undefined mAlwaysOnTop=undefined mRotation=ROTATION_0} as.2 s.20 fontWeightAdjustment=0}
02-07 17:07:46.015  1308  1308 I KeyboardHeightUtil: KeyboardHeightUtil.calculateMaxKeyboardBodyHeight():45 leave 281 height for app when ime window height:2146, header height:116 and isFullscreenMode:false, so the max keyboard body height is:1749
02-07 17:07:46.016  1308  1308 I KeyboardManager: KeyboardManager.requestKeyboard():234 Creating keyboard accessory_candidates_consumer, imeId=ime_english_united_states, cacheKey=theme_border_stylesheet_noshadow_gsans_pillkey_silkpopup_hover_light_phone_bottom4dp_navredesign
02-07 17:07:46.016  1308  1308 W Keyboard: Keyboard.getKeyboardViewHelper():574 null helper is returned: keyboardDef=kuo{processedConditions={}, globalConditions={global_theme_key=theme_border_stylesheet_noshadow_gsans_pillkey_silkpopup_hover_light_phone_bottom4dp_navredesign, global_locale=en_US, global_density_dpi=420, global_orientation=1}, className=.latin.keyboard.AccessoryKeyboard, resourceIds=[#0x7f170046], initialStates=0, keyboardViewDefs=[kvb{direction=null, id=#0x7f0b014d, isScalable=false, layoutId=#0x7f0e0027, type=FLOATING_CANDIDATES, touchable=true, defaultShow=false}], persistentStates=0, persistentStatesPrefKey=null, popupBubbleLayoutId=#0x7f0e068d, recentKeyLayoutId=0, recentKeyPopupLayoutId=0, recentKeyType=null, rememberRecentKey=NONE, sessionStates=0}, type=HEADER, helpersCreated=[null, null, kib@3c0a518, null], context.getResources().getConfiguration(): {1.0 310mcc260mnc [en_US] ldltr sw411dp w411dp h914dp 420dpi nrml long port finger qwerty/v/v dpad/v winConfig={ mBounds=Rect(0, 0 - 1080, 2400) mAppBounds=Rect(0, 0 - 1080, 2400) mMaxBounds=Rect(0, 0 - 1080, 2400) mDisplayRotation=ROTATION_0 mWindowingMode=fullscreen mActivityType=undefined mAlwaysOnTop=undefined mRotation=ROTATION_0} as.2 s.20 fontWeightAdjustment=0}
02-07 17:07:46.016  1308  1308 W Keyboard: Keyboard.getKeyboardViewHelper():574 null helper is returned: keyboardDef=kuo{processedConditions={}, globalConditions={global_theme_key=theme_border_stylesheet_noshadow_gsans_pillkey_silkpopup_hover_light_phone_bottom4dp_navredesign, global_locale=en_US, global_density_dpi=420, global_orientation=1}, className=.latin.keyboard.AccessoryKeyboard, resourceIds=[#0x7f170046], initialStates=0, keyboardViewDefs=[kvb{direction=null, id=#0x7f0b014d, isScalable=false, layoutId=#0x7f0e0027, type=FLOATING_CANDIDATES, touchable=true, defaultShow=false}], persistentStates=0, persistentStatesPrefKey=null, popupBubbleLayoutId=#0x7f0e068d, recentKeyLayoutId=0, recentKeyPopupLayoutId=0, recentKeyType=null, rememberRecentKey=NONE, sessionStates=0}, type=BODY, helpersCreated=[null, null, kib@3c0a518, null], context.getResources().getConfiguration(): {1.0 310mcc260mnc [en_US] ldltr sw411dp w411dp h914dp 420dpi nrml long port finger qwerty/v/v dpad/v winConfig={ mBounds=Rect(0, 0 - 1080, 2400) mAppBounds=Rect(0, 0 - 1080, 2400) mMaxBounds=Rect(0, 0 - 1080, 2400) mDisplayRotation=ROTATION_0 mWindowingMode=fullscreen mActivityType=undefined mAlwaysOnTop=undefined mRotation=ROTATION_0} as.2 s.20 fontWeightAdjustment=0}
02-07 17:07:46.018  1308  1308 I HardKeyTracker: HardKeyTracker.registerKeySequence():139 Register key sequence lnk{labelResId=2132019800, callback=gnd@6a6fac4, lastModifier=0, keyCodes=[57, 57], actions=[1, 0]}
02-07 17:07:46.018  1308  1308 I HardKeyTracker: HardKeyTracker.registerKeySequence():139 Register key sequence lnk{labelResId=0, callback=gnd@cef6473, lastModifier=0, keyCodes=[58, 58], actions=[1, 0]}
02-07 17:07:46.019   585  1497 W PackageConfigPersister: App-specific configuration not found for packageName: com.example.kassaku and userId: 0
02-07 17:07:46.019  1308  1308 I GoogleInputMethodService: GoogleInputMethodService.onStartInputView():2098 onStartInputView(EditorInfo{EditorInfo{packageName=com.example.kassaku, inputType=8001, inputTypeString=Normal, enableLearning=true, autoCorrection=true, autoComplete=true, imeOptions=2000005, privateImeOptions=null, actionName=NEXT, actionLabel=null, initialSelStart=4, initialSelEnd=4, initialCapsMode=0, label=null, fieldId=-1, fieldName=null, extras=Bundle[{android.support.text.emoji.emojiCompat_metadataVersion=9, androidx.core.view.inputmethod.EditorInfoCompat.STYLUS_HANDWRITING_ENABLED=true, android.support.text.emoji.emojiCompat_replaceAll=false}], hintText=null, hintLocales=[]}}, true)
02-07 17:07:46.019  1308  1308 I InputBundle: InputBundle.consumeEvent():884 Skip consuming an event as keyboard status is 0
02-07 17:07:46.019  1308  1308 I VoiceInputHandler: VoiceInputHandler.onDeactivateIme():115 unregistering TalkbackStateListener
02-07 17:07:46.019  1308  1308 I VoiceInputManagerWrapper: VoiceInputManagerWrapper.shutdown():124 shutdown()
02-07 17:07:46.020  1308  1308 I AndroidIME: AbstractIme.onDeactivate():202 LatinIme.onDeactivate()
02-07 17:07:46.020  1308  1308 I GoogleInputMethodService: GoogleInputMethodService.updateDeviceLockedStatus():2248 repeatCheckTimes = 1, locked = false
02-07 17:07:46.025   393  3632 W android.hardware.audio@7.1-impl.ranchu: pcmWrite:259 pcm_writei failed with 'cannot read/write stream data: I/O error' (-1)
02-07 17:07:46.025   393  3632 E android.hardware.audio@7.1-impl.ranchu: pcmWrite:260 failure: -1
02-07 17:07:46.026  1308  1617 W ModuleManager: ModuleManager.loadModule():473 Module mgc is not available
02-07 17:07:46.037  3568  3634 I okhttp.OkHttpClient: <-- 200 OK http://10.0.2.2:8000/api/login (113ms)
02-07 17:07:46.037  3568  3634 I okhttp.OkHttpClient: Host: 10.0.2.2:8000
02-07 17:07:46.037  3568  3634 I okhttp.OkHttpClient: Connection: close
02-07 17:07:46.037  3568  3634 I okhttp.OkHttpClient: X-Powered-By: PHP/8.2.28
02-07 17:07:46.037  3568  3634 I okhttp.OkHttpClient: Cache-Control: no-cache, private
02-07 17:07:46.037  3568  3634 I okhttp.OkHttpClient: Date: Sat, 07 Feb 2026 10:07:46 GMT
02-07 17:07:46.037  3568  3634 I okhttp.OkHttpClient: Content-Type: application/json
02-07 17:07:46.037  3568  3634 I okhttp.OkHttpClient: X-RateLimit-Limit: 60
02-07 17:07:46.037  3568  3634 I okhttp.OkHttpClient: X-RateLimit-Remaining: 59
02-07 17:07:46.037  3568  3634 I okhttp.OkHttpClient: Access-Control-Allow-Origin: *
02-07 17:07:46.038  3568  3634 I okhttp.OkHttpClient: {"response_code":200,"message":"Login Berhasil","content":{"id_user":8,"username":"user","role":"user","active":1}}
02-07 17:07:46.038  3568  3634 I okhttp.OkHttpClient: <-- END HTTP (115-byte body)
02-07 17:07:46.062   585   737 W IPCThreadState: Sending oneway calls to frozen process.
02-07 17:07:46.062   585   737 W IPCThreadState: Sending oneway calls to frozen process.
02-07 17:07:46.070  1399  1804 I BugleRcsEngine: Connected state: [1], networkType: [WIFI] [CONTEXT thread_id=56 ]
02-07 17:07:46.070  1399  2097 I BugleRcsEngine: handleMessage processing message:[NOTIFY_UPTIME_IGNORE_STATE_CHANGED] with [non-null]:RcsEngineImpl reference [CONTEXT log_prefix="RcsEngineImpl[DUAL_REG]:[99b19286-b893]>Handler" thread_id=65 ]
02-07 17:07:46.072  1049  2880 I ChimeraSrvcProxy: NullBinder for android.net.action.RECOMMEND_NETWORKS triggering remote TransactionTooLargeException due to Service without Chimera impl
02-07 17:07:46.072  1049  2880 W .gms.persistent: Large reply transaction of 1056768 bytes, interface descriptor , code 1
02-07 17:07:46.084  1308  1308 I KeyboardHeightUtil: KeyboardHeightUtil.getOemKeyboardHeightRatio():206 systemKeyboardHeightRatio:1.000000.
02-07 17:07:46.084  1308  1308 I AndroidIME: AbstractIme.onActivate():89 LatinIme.onActivate() : EditorInfo = EditorInfo{packageName=com.example.kassaku, inputType=8001, inputTypeString=Normal, enableLearning=true, autoCorrection=true, autoComplete=true, imeOptions=2000005, privateImeOptions=null, actionName=NEXT, actionLabel=null, initialSelStart=4, initialSelEnd=4, initialCapsMode=0, label=null, fieldId=-1, fieldName=null, extras=Bundle[{android.support.text.emoji.emojiCompat_metadataVersion=9, androidx.core.view.inputmethod.EditorInfoCompat.STYLUS_HANDWRITING_ENABLED=true, android.support.text.emoji.emojiCompat_replaceAll=false}], hintText=null, hintLocales=[]}, IncognitoMode = false, DeviceLocked = false
02-07 17:07:46.084  1308  1308 I Delight5Facilitator: Delight5Facilitator.initializeForIme():747 initializeForIme() : Locale = [en_US], layout = qwerty
02-07 17:07:46.085  1308  1308 I VoiceInputHandler: VoiceInputHandler.onActivateIme():99 registering TalkbackStateListener
02-07 17:07:46.087  1308  1308 I VoiceInputManagerWrapper: VoiceInputManagerWrapper.cancelShutdown():102 cancelShutdown()
02-07 17:07:46.087  1308  1308 I VoiceInputManagerWrapper: VoiceInputManagerWrapper.syncLanguagePacks():114 syncLanguagePacks()
02-07 17:07:46.087  1308  1308 I LatinIme: LatinIme.updateEnableInlineSuggestionsOnDecoderSideFlags():1174 inline flag updated to:false
02-07 17:07:46.088  1308  1308 I InputBundle: InputBundle.consumeEvent():884 Skip consuming an event as keyboard status is 0
02-07 17:07:46.090  1308  1308 I KeyboardWrapper: KeyboardWrapper.activateKeyboard():575 activateKeyboard(): type=prime, status=0, imeDef=ktt{stringId=ime_english_united_states, language=en-US, languageTag=en-US, processedConditions={enable_number_row=false, device=phone}, className=com.google.android.apps.inputmethod.libs.latin5.LatinIme, label=0, keyEventInterpreter=null, inlineComposing=true, autoCapital=true, announceAutoSelectedCandidate=true, statusIcon=0, primeKeyboardType=SOFT, indicatorIcon=0, indicatorLabel=US, displayAppCompletions=true, extraValues=ktl{}, processors=kvl@9f8ba3f, unacceptableMetaKeys=4098, languageSpecificSettings=0, asciiCapable=true, alwaysShowSuggestions=false, useAsciiPasswordKeyboard=false, secondaryIme=null, keyboardGroupDef=kut@8591e1e, phenotypeFlagId=0, localizationLanguageTag=null, supportsInlineSuggestion=true, supportsAccessPoints=true}
02-07 17:07:46.090  1308  1308 I KeyboardManager: KeyboardManager.requestKeyboard():234 Creating keyboard prime, imeId=ime_english_united_states, cacheKey=theme_border_stylesheet_noshadow_gsans_pillkey_silkpopup_hover_light_phone_bottom4dp_navredesign
02-07 17:07:46.090  1308  1308 I KeyboardWrapper: KeyboardWrapper.onKeyboardReady():239 onKeyboardReady(): type=prime(prime), kb=com.google.android.apps.inputmethod.latin.keyboard.LatinPrimeKeyboard@eef969e
02-07 17:07:46.090  1308  1308 I KeyboardWrapper: KeyboardWrapper.doActivateKeyboard():606 doActivateKeyboard(): prime
02-07 17:07:46.093  1308  1308 I GoogleInputMethodService: GoogleInputMethodService$1.onKeyboardViewShown():494 onKeyboardViewShown: keyboardType=prime, keyboardViewType=HEADER keyboardView=com.google.android.libraries.inputmethod.widgets.SoftKeyboardView{fe4a603 V.E...... ......ID 0,0-0,0}
02-07 17:07:46.094  1308  1308 E KeyboardViewController: KeyboardViewController$CurrentKeyboardStatus.setViewStatus():1643 Setting the SoftKeyboardView status for different keyboard type, current: accessory, new: prime
02-07 17:07:46.094  1308  1308 E KeyboardViewController: KeyboardViewController$CurrentKeyboardStatus.setViewStatus():1643 Setting the SoftKeyboardView status for different keyboard type, current: accessory, new: prime
02-07 17:07:46.095  1399  2097 I BugleRcsEngine: No RCS Configuration was found in Bugle for simID: redacted-pii:sim_id[chars:20,last3:897] [CONTEXT log_prefix="ProvisioningEngineDataRetriever" thread_id=65 ]
02-07 17:07:46.104  1308  3213 I SpeechFactory: SpeechRecognitionFactory.maybeScheduleAutoPackDownloadForFallback():200 maybeScheduleAutoPackDownloadForFallback()
02-07 17:07:46.104  1308  3213 I FallbackOnDeviceRecognitionProvider: FallbackOnDeviceRecognitionProvider.maybeScheduleAutoPackDownload():197 maybeScheduleAutoPackDownload() for language tag en-US
02-07 17:07:46.107  1308  1308 I KeyboardHeightUtil: KeyboardHeightUtil.calculateMaxKeyboardBodyHeight():45 leave 281 height for app when ime window height:2146, header height:116 and isFullscreenMode:false, so the max keyboard body height is:1749
02-07 17:07:46.107  1308  1308 I GoogleInputMethodService: GoogleInputMethodService$1.onKeyboardViewShown():494 onKeyboardViewShown: keyboardType=prime, keyboardViewType=BODY keyboardView=com.google.android.libraries.inputmethod.widgets.SoftKeyboardView{71199ba V.E...... ......ID 0,0-1080,641}
02-07 17:07:46.107  1308  1308 E KeyboardViewController: KeyboardViewController$CurrentKeyboardStatus.setViewStatus():1643 Setting the SoftKeyboardView status for different keyboard type, current: accessory, new: prime
02-07 17:07:46.108  1308  1308 I NewLanguagePromptExtension: NewLanguagePromptExtension$1.onKeyboardViewShown():94 Not show new language banner: not prime keyboard, or the extension not activated.
02-07 17:07:46.108  1308  1308 E KeyboardViewController: KeyboardViewController$CurrentKeyboardStatus.setViewStatus():1643 Setting the SoftKeyboardView status for different keyboard type, current: accessory, new: prime
02-07 17:07:46.108  1308  1308 W Keyboard: Keyboard.getKeyboardViewHelper():574 null helper is returned: keyboardDef=kuo{processedConditions={enable_more_candidates_view_for_multilingual=false, enable_secondary_symbols=false, variant=qwerty, language=en-US, device=phone, expressions=normal, keyboard_mode=normal, show_secondary_digits=true, enable_preemptive_decode=true, rtl_layout=false}, globalConditions={global_theme_key=theme_border_stylesheet_noshadow_gsans_pillkey_silkpopup_hover_light_phone_bottom4dp_navredesign, global_locale=en_US, global_density_dpi=420, global_orientation=1}, className=.latin.keyboard.LatinPrimeKeyboard, resourceIds=[#0x7f170663, #0x7f1708e0], initialStates=0, keyboardViewDefs=[kvb{direction=null, id=#0x7f0b014d, isScalable=true, layoutId=#0x7f0e039d, type=BODY, touchable=true, defaultShow=true}, kvb{direction=null, id=#0x7f0b014d, isScalable=false, layoutId=#0x7f0e01aa, type=FLOATING_CANDIDATES, touchable=false, defaultShow=false}, kvb{direction=LOCALE, id=#0x7f0b014d, isScalable=false, layoutId=#0x7f0e0591, type=HEADER, touchable=true, defaultShow=true}], persistentStates=0, persistentStatesPrefKey=null, popupBubbleLayoutId=#0x7f0e068d, recentKeyLayoutId=0, recentKeyPopupLayoutId=0, recentKeyType=null, rememberRecentKey=NONE, sessionStates=17592186044419}, type=WIDGET, helpersCreated=[kib@6967717, kib@923e704, kib@5c4c4ed, null], context.getResources().getConfiguration(): {1.0 310mcc260mnc [en_US] ldltr sw411dp w411dp h914dp 420dpi nrml long port finger qwerty/v/v dpad/v winConfig={ mBounds=Rect(0, 0 - 1080, 2400) mAppBounds=Rect(0, 0 - 1080, 2400) mMaxBounds=Rect(0, 0 - 1080, 2400) mDisplayRotation=ROTATION_0 mWindowingMode=fullscreen mActivityType=undefined mAlwaysOnTop=undefined mRotation=ROTATION_0} as.2 s.20 fontWeightAdjustment=0}
02-07 17:07:46.109  1308  1308 I KeyboardHeightUtil: KeyboardHeightUtil.calculateMaxKeyboardBodyHeight():45 leave 281 height for app when ime window height:2146, header height:116 and isFullscreenMode:false, so the max keyboard body height is:1749
02-07 17:07:46.112  1308  1308 I KeyboardManager: KeyboardManager.requestKeyboard():234 Creating keyboard accessory_candidates_consumer, imeId=ime_english_united_states, cacheKey=theme_border_stylesheet_noshadow_gsans_pillkey_silkpopup_hover_light_phone_bottom4dp_navredesign
02-07 17:07:46.112  1308  1308 W Keyboard: Keyboard.getKeyboardViewHelper():574 null helper is returned: keyboardDef=kuo{processedConditions={}, globalConditions={global_theme_key=theme_border_stylesheet_noshadow_gsans_pillkey_silkpopup_hover_light_phone_bottom4dp_navredesign, global_locale=en_US, global_density_dpi=420, global_orientation=1}, className=.latin.keyboard.AccessoryKeyboard, resourceIds=[#0x7f170046], initialStates=0, keyboardViewDefs=[kvb{direction=null, id=#0x7f0b014d, isScalable=false, layoutId=#0x7f0e0027, type=FLOATING_CANDIDATES, touchable=true, defaultShow=false}], persistentStates=0, persistentStatesPrefKey=null, popupBubbleLayoutId=#0x7f0e068d, recentKeyLayoutId=0, recentKeyPopupLayoutId=0, recentKeyType=null, rememberRecentKey=NONE, sessionStates=0}, type=HEADER, helpersCreated=[null, null, kib@3c0a518, null], context.getResources().getConfiguration(): {1.0 310mcc260mnc [en_US] ldltr sw411dp w411dp h914dp 420dpi nrml long port finger qwerty/v/v dpad/v winConfig={ mBounds=Rect(0, 0 - 1080, 2400) mAppBounds=Rect(0, 0 - 1080, 2400) mMaxBounds=Rect(0, 0 - 1080, 2400) mDisplayRotation=ROTATION_0 mWindowingMode=fullscreen mActivityType=undefined mAlwaysOnTop=undefined mRotation=ROTATION_0} as.2 s.20 fontWeightAdjustment=0}
02-07 17:07:46.112  1308  1308 W Keyboard: Keyboard.getKeyboardViewHelper():574 null helper is returned: keyboardDef=kuo{processedConditions={}, globalConditions={global_theme_key=theme_border_stylesheet_noshadow_gsans_pillkey_silkpopup_hover_light_phone_bottom4dp_navredesign, global_locale=en_US, global_density_dpi=420, global_orientation=1}, className=.latin.keyboard.AccessoryKeyboard, resourceIds=[#0x7f170046], initialStates=0, keyboardViewDefs=[kvb{direction=null, id=#0x7f0b014d, isScalable=false, layoutId=#0x7f0e0027, type=FLOATING_CANDIDATES, touchable=true, defaultShow=false}], persistentStates=0, persistentStatesPrefKey=null, popupBubbleLayoutId=#0x7f0e068d, recentKeyLayoutId=0, recentKeyPopupLayoutId=0, recentKeyType=null, rememberRecentKey=NONE, sessionStates=0}, type=BODY, helpersCreated=[null, null, kib@3c0a518, null], context.getResources().getConfiguration(): {1.0 310mcc260mnc [en_US] ldltr sw411dp w411dp h914dp 420dpi nrml long port finger qwerty/v/v dpad/v winConfig={ mBounds=Rect(0, 0 - 1080, 2400) mAppBounds=Rect(0, 0 - 1080, 2400) mMaxBounds=Rect(0, 0 - 1080, 2400) mDisplayRotation=ROTATION_0 mWindowingMode=fullscreen mActivityType=undefined mAlwaysOnTop=undefined mRotation=ROTATION_0} as.2 s.20 fontWeightAdjustment=0}
02-07 17:07:46.113  1308  1308 I GoogleInputMethodService: GoogleInputMethodService.startInputIfInputViewStarted():3728 startInputIfInputViewStarted(): default prime
02-07 17:07:46.114  1308  1308 I KeyboardModeManager: KeyboardModeManager.setInputViewKeyboardViewHolderProvider():625 setInputView() : supportsOneHandedMode=true supportsSplitMode=true
02-07 17:07:46.114  1308  1308 I NormalModeController: NormalModeController.getKeyboardBodyViewHolderPaddingBottom():104 currentPrimeKeyboardType:SOFT systemPaddingBottom:-1
02-07 17:07:46.114  1308  1308 I KeyboardHeightUtil: KeyboardHeightUtil.calculateMaxKeyboardBodyHeight():45 leave 281 height for app when ime window height:2146, header height:116 and isFullscreenMode:false, so the max keyboard body height is:1749
02-07 17:07:46.114  1308  1308 I KeyboardHeightUtil: KeyboardHeightUtil.calculateMaxKeyboardBodyHeight():45 leave 281 height for app when ime window height:2146, header height:116 and isFullscreenMode:false, so the max keyboard body height is:1749
02-07 17:07:46.114  1308  1308 I KeyboardHeightUtil: KeyboardHeightUtil.calculateMaxKeyboardBodyHeight():45 leave 281 height for app when ime window height:2146, header height:116 and isFullscreenMode:false, so the max keyboard body height is:1749
02-07 17:07:46.114  1308  1308 I KeyboardHeightUtil: KeyboardHeightUtil.calculateMaxKeyboardBodyHeight():45 leave 281 height for app when ime window height:2146, header height:116 and isFullscreenMode:false, so the max keyboard body height is:1749
02-07 17:07:46.114  1308  1308 I NormalModeController: NormalModeController.getKeyboardBodyViewHolderPaddingBottom():104 currentPrimeKeyboardType:SOFT systemPaddingBottom:-1
02-07 17:07:46.114  1308  1308 I KeyboardHeightUtil: KeyboardHeightUtil.calculateMaxKeyboardBodyHeight():45 leave 281 height for app when ime window height:2146, header height:116 and isFullscreenMode:false, so the max keyboard body height is:1749
02-07 17:07:46.114  1308  1308 I KeyboardHeightUtil: KeyboardHeightUtil.calculateMaxKeyboardBodyHeight():45 leave 281 height for app when ime window height:2146, header height:116 and isFullscreenMode:false, so the max keyboard body height is:1749
02-07 17:07:46.114  1308  1308 I KeyboardModeManager: KeyboardModeManager.setInputViewKeyboardViewHolderProvider():613 setInputView() : supportsOneHandedMode=true, supportSplitMode=true
02-07 17:07:46.131   393  3632 W android.hardware.audio@7.1-impl.ranchu: pcmWrite:259 pcm_writei failed with 'cannot read/write stream data: I/O error' (-1)
02-07 17:07:46.131   393  3632 E android.hardware.audio@7.1-impl.ranchu: pcmWrite:260 failure: -1
02-07 17:07:46.150  3568  3568 D MainActivity: FCM Token: fjXz-5ymRiODyhEn19g2Fm:APA91bFk8j2T_NpQrMleS_1ii3mxFKPX2hg2soZ3c9COE_zLOnF-hLgoK9eCyw_eEj-kWSUgr8jGR9JIGYrpAJQKyzR67PBhiIxbgEbpEUz975ys3OPLuJo
02-07 17:07:46.164  3568  3634 I okhttp.OkHttpClient: --> POST http://10.0.2.2:8000/api/fcm-token
02-07 17:07:46.164  3568  3634 I okhttp.OkHttpClient: Content-Type: application/x-www-form-urlencoded
02-07 17:07:46.164  3568  3634 I okhttp.OkHttpClient: Content-Length: 160
02-07 17:07:46.164  3568  3634 I okhttp.OkHttpClient: token=fjXz-5ymRiODyhEn19g2Fm%3AAPA91bFk8j2T_NpQrMleS_1ii3mxFKPX2hg2soZ3c9COE_zLOnF-hLgoK9eCyw_eEj-kWSUgr8jGR9JIGYrpAJQKyzR67PBhiIxbgEbpEUz975ys3OPLuJo&user_id=8
02-07 17:07:46.165  3568  3634 I okhttp.OkHttpClient: --> END POST (160-byte body)
02-07 17:07:46.169  3568  3634 D TrafficStats: tagSocket(122) with statsTag=0xffffffff, statsUid=-1
02-07 17:07:46.200  3568  3568 W WindowOnBackDispatcher: OnBackInvokedCallback is not enabled for the application.
02-07 17:07:46.200  3568  3568 W WindowOnBackDispatcher: Set 'android:enableOnBackInvokedCallback="true"' in the application manifest.
02-07 17:07:46.232   393  3632 W android.hardware.audio@7.1-impl.ranchu: pcmWrite:259 pcm_writei failed with 'cannot read/write stream data: I/O error' (-1)
02-07 17:07:46.232   393  3632 E android.hardware.audio@7.1-impl.ranchu: pcmWrite:260 failure: -1
02-07 17:07:46.275  1308  1308 E InputConnectionWrapper: InputConnectionWrapper.waitForInputConnectionFutureInternal():1773 Failed to get the input connection call's result.
02-07 17:07:46.275  1308  1308 E InputConnectionWrapper: java.util.concurrent.TimeoutException: Waited 100 milliseconds (plus 116280 nanoseconds delay) for pxi@ba0a806[status=PENDING, info=[task=[running=[RUNNING ON ICWrapper-1], fch@13d8ec7]]]
02-07 17:07:46.275  1308  1308 E InputConnectionWrapper: 	at pug.get(PG:52)
02-07 17:07:46.275  1308  1308 E InputConnectionWrapper: 	at kbd.g(PG:9)
02-07 17:07:46.275  1308  1308 E InputConnectionWrapper: 	at kbd.f(PG:20)
02-07 17:07:46.275  1308  1308 E InputConnectionWrapper: 	at kbd.t(PG:27)
02-07 17:07:46.275  1308  1308 E InputConnectionWrapper: 	at kef.i(PG:7)
02-07 17:07:46.275  1308  1308 E InputConnectionWrapper: 	at kef.h(PG:40)
02-07 17:07:46.275  1308  1308 E InputConnectionWrapper: 	at kef.d(PG:38)
02-07 17:07:46.275  1308  1308 E InputConnectionWrapper: 	at kfm.en(PG:15)
02-07 17:07:46.275  1308  1308 E InputConnectionWrapper: 	at joy.en(PG:3)
02-07 17:07:46.275  1308  1308 E InputConnectionWrapper: 	at fto.j(PG:9)
02-07 17:07:46.275  1308  1308 E InputConnectionWrapper: 	at jow.a(PG:13)
02-07 17:07:46.275  1308  1308 E InputConnectionWrapper: 	at joy.af(PG:15)
02-07 17:07:46.275  1308  1308 E InputConnectionWrapper: 	at jos.w(PG:141)
02-07 17:07:46.275  1308  1308 E InputConnectionWrapper: 	at jos.y(PG:7)
02-07 17:07:46.275  1308  1308 E InputConnectionWrapper: 	at jos.c(PG:49)
02-07 17:07:46.275  1308  1308 E InputConnectionWrapper: 	at jos.m(PG:128)
02-07 17:07:46.275  1308  1308 E InputConnectionWrapper: 	at dia.l(PG:1268)
02-07 17:07:46.275  1308  1308 E InputConnectionWrapper: 	at kfm.onStartInputView(PG:364)
02-07 17:07:46.275  1308  1308 E InputConnectionWrapper: 	at android.inputmethodservice.InputMethodService.doStartInput(InputMethodService.java:3396)
02-07 17:07:46.275  1308  1308 E InputConnectionWrapper: 	at android.inputmethodservice.InputMethodService$InputMethodImpl.restartInput(InputMethodService.java:875)
02-07 17:07:46.275  1308  1308 E InputConnectionWrapper: 	at android.inputmethodservice.InputMethodService$InputMethodImpl.dispatchStartInput(InputMethodService.java:890)
02-07 17:07:46.275  1308  1308 E InputConnectionWrapper: 	at android.inputmethodservice.IInputMethodWrapper.executeMessage(IInputMethodWrapper.java:201)
02-07 17:07:46.275  1308  1308 E InputConnectionWrapper: 	at com.android.internal.os.HandlerCaller$MyHandler.handleMessage(HandlerCaller.java:44)
02-07 17:07:46.275  1308  1308 E InputConnectionWrapper: 	at android.os.Handler.dispatchMessage(Handler.java:107)
02-07 17:07:46.275  1308  1308 E InputConnectionWrapper: 	at android.os.Looper.loopOnce(Looper.java:232)
02-07 17:07:46.275  1308  1308 E InputConnectionWrapper: 	at android.os.Looper.loop(Looper.java:317)
02-07 17:07:46.275  1308  1308 E InputConnectionWrapper: 	at android.app.ActivityThread.main(ActivityThread.java:8705)
02-07 17:07:46.275  1308  1308 E InputConnectionWrapper: 	at java.lang.reflect.Method.invoke(Native Method)
02-07 17:07:46.275  1308  1308 E InputConnectionWrapper: 	at com.android.internal.os.RuntimeInit$MethodAndArgsCaller.run(RuntimeInit.java:580)
02-07 17:07:46.275  1308  1308 E InputConnectionWrapper: 	at com.android.internal.os.ZygoteInit.main(ZygoteInit.java:886)
02-07 17:07:46.275  1308  1308 W InputConnectionWrapper: InputConnectionWrapper.recordDuration():1694 IPC IC_REQUEST_CURSOR_UPDATES took 101 ms
02-07 17:07:46.276  1308  1308 I HardKeyTracker: HardKeyTracker.unregisterKeySequence():183 Unregister key sequence lnk{labelResId=2132019800, callback=cfr@880c175, lastModifier=2, keyCodes=[56], actions=[0]}
02-07 17:07:46.276  1308  1308 I HardKeyTracker: HardKeyTracker.registerKeySequence():139 Register key sequence lnk{labelResId=2132019800, callback=cfr@ffa5063, lastModifier=2, keyCodes=[56], actions=[0]}
02-07 17:07:46.276  1308  1308 I AccessoryInputModeManager: AccessoryInputModeManager.onModeStarted():308 Accessory input mode started: null
02-07 17:07:46.277  1308  1308 I CrowdsourceExtension: CrowdsourceExtension.checkIfDefaultBrowserIsAllowed():110 Failed to get default browser. The default browser may be deactived.
02-07 17:07:46.278  1308  1308 I VoiceImeExtension: VoiceImeExtension.shouldStartVoiceInputAutomaticallyInCurrentInputBox():415 No private IME option set to start voice input.
02-07 17:07:46.278  1308  1308 I HardKeyTracker: HardKeyTracker.unregisterKeySequence():183 Unregister key sequence lnk{labelResId=2132019804, callback=cfr@1478037, lastModifier=2, keyCodes=[48], actions=[0]}
02-07 17:07:46.278  1308  1308 I HardKeyTracker: HardKeyTracker.registerKeySequence():139 Register key sequence lnk{labelResId=2132019804, callback=cfr@bfcf1d5, lastModifier=2, keyCodes=[48], actions=[0]}
02-07 17:07:46.279  1308  1308 I StylusModule: StylusModule.onUpdateToolType():770 Update tool type = 0
02-07 17:07:46.281  1308  1308 I StylusModule: StylusModule.onUpdateToolType():770 Update tool type = 0
02-07 17:07:46.286   585  1500 D ImeInsetsSourceProvider: showImePostLayout cancelled, isScheduledAndReadyToShowIme: false, mImeRequester: Window{e661e33 u0 com.example.kassaku/com.example.kassaku.MainActivity}, serverVisible: true, frozen: false, mWindowContainer is: non-null, windowState: Window{caa180c u0 InputMethod}, isDrawn: true, mGivenInsetsPending: true, dcTarget: Window{e661e33 u0 com.example.kassaku/com.example.kassaku.MainActivity}, controlTarget: Window{e661e33 u0 com.example.kassaku/com.example.kassaku.MainActivity}
02-07 17:07:46.286   585  1500 D ImeInsetsSourceProvider: controlTarget == DisplayContent.controlTarget: true, hasPendingControls: false, leash is: non-null, isImeLayeringTarget: true, isAboveImeLayeringTarget: false, isImeFallbackTarget: false, isImeInputTarget: true, sameAsImeControlTarget: true
02-07 17:07:46.287   585  1500 I ImeTracker: com.example.kassaku:9f53a1a1: onCancelled at PHASE_WM_SHOW_IME_RUNNER
02-07 17:07:46.294  1308  1308 I KeyboardHeightUtil: KeyboardHeightUtil.calculateMaxKeyboardBodyHeight():45 leave 281 height for app when ime window height:2146, header height:116 and isFullscreenMode:false, so the max keyboard body height is:1749
02-07 17:07:46.295  1308  1308 I WindowMetricsNotification: WindowMetricsNotification.notifyWithWindow():113 
02-07 17:07:46.296  1308  1308 I WindowMetricsNotification: WindowMetricsNotification.notify():106 WindowMetricsNotification{bounds=Rect(0, 128 - 1080, 2400), insets=Rect(0, 0 - 0, 126), densityDpi=420, smallestScreenWidthDp=411, displayWidth=1080, displayHeight=2400, xdpi=420.0, ydpi=420.0}; DisplayMetrics{density=2.625, width=1080, height=2400, scaledDensity=2.625, xdpi=420.0, ydpi=420.0}
02-07 17:07:46.296  1308  1308 W View    : requestLayout() improperly called by com.google.android.libraries.inputmethod.widgets.SoftKeyView{e35a554 VFE...C.. .F....ID 5,0-115,116 #7f0b039a app:id/key_pos_header_access_points_menu} during layout: running second layout pass
02-07 17:07:46.296  1308  1308 W View    : requestLayout() improperly called by com.google.android.libraries.inputmethod.widgets.CopyImageSourceView{82f2cfd V.ED..... ......ID 5,0-1075,116 #7f0b0134 app:id/0_resource_name_obfuscated} during layout: running second layout pass
02-07 17:07:46.296  1308  1308 W View    : requestLayout() improperly called by android.widget.LinearLayout{4796df2 V.E...... ......ID 115,0-965,116 #7f0b0281 app:id/0_resource_name_obfuscated} during layout: running second layout pass
02-07 17:07:46.296  1308  1308 W View    : requestLayout() improperly called by android.widget.LinearLayout{25fbc43 V.E...... ......ID 965,0-965,116 #7f0b0280 app:id/0_resource_name_obfuscated} during layout: running second layout pass
02-07 17:07:46.296  1308  1308 W View    : requestLayout() improperly called by com.google.android.libraries.inputmethod.widgets.SoftKeyView{cf1c2c0 VFE...C.. ......ID 965,0-1075,116 #7f0b03a3 app:id/key_pos_header_power_key} during layout: running second layout pass
02-07 17:07:46.296  1308  1308 I KeyboardHeightUtil: KeyboardHeightUtil.calculateMaxKeyboardBodyHeight():45 leave 281 height for app when ime window height:2146, header height:116 and isFullscreenMode:false, so the max keyboard body height is:1749
02-07 17:07:46.304  1308  1308 W InputContextProxy: InputContextProxy.applyClientDiffInternal():940 Ignore [FetchSuggestions] diff due to stale request: 32<35, inputStateId=18, lastInputStateId=20
02-07 17:07:46.305  1308  1308 I WindowMetricsNotification: WindowMetricsNotification.notifyWithWindow():113 
02-07 17:07:46.305  1308  1308 I WindowMetricsNotification: WindowMetricsNotification.notify():106 WindowMetricsNotification{bounds=Rect(0, 128 - 1080, 2400), insets=Rect(0, 0 - 0, 126), densityDpi=420, smallestScreenWidthDp=411, displayWidth=1080, displayHeight=2400, xdpi=420.0, ydpi=420.0}; DisplayMetrics{density=2.625, width=1080, height=2400, scaledDensity=2.625, xdpi=420.0, ydpi=420.0}
02-07 17:07:46.305  1308  1308 I WindowMetricsNotification: WindowMetricsNotification.notifyWithWindow():113 
02-07 17:07:46.305  1308  1308 I WindowMetricsNotification: WindowMetricsNotification.notify():106 WindowMetricsNotification{bounds=Rect(0, 128 - 1080, 2400), insets=Rect(0, 0 - 0, 126), densityDpi=420, smallestScreenWidthDp=411, displayWidth=1080, displayHeight=2400, xdpi=420.0, ydpi=420.0}; DisplayMetrics{density=2.625, width=1080, height=2400, scaledDensity=2.625, xdpi=420.0, ydpi=420.0}
02-07 17:07:46.305  1308  1308 I NormalModeController: NormalModeController.getKeyboardBodyViewHolderPaddingBottom():104 currentPrimeKeyboardType:SOFT systemPaddingBottom:-1
02-07 17:07:46.305  1308  1308 I WindowMetricsNotification: WindowMetricsNotification.notifyWithWindow():113 
02-07 17:07:46.305  1308  1696 I Delight5Decoder: Delight5DecoderWrapper.setKeyboardLayout():511 setKeyboardLayout()
02-07 17:07:46.305  1308  1308 I WindowMetricsNotification: WindowMetricsNotification.notify():106 WindowMetricsNotification{bounds=Rect(0, 128 - 1080, 2400), insets=Rect(0, 0 - 0, 126), densityDpi=420, smallestScreenWidthDp=411, displayWidth=1080, displayHeight=2400, xdpi=420.0, ydpi=420.0}; DisplayMetrics{density=2.625, width=1080, height=2400, scaledDensity=2.625, xdpi=420.0, ydpi=420.0}
02-07 17:07:46.305  1308  1308 I WindowMetricsNotification: WindowMetricsNotification.notifyWithWindow():113 
02-07 17:07:46.305  1308  1308 I WindowMetricsNotification: WindowMetricsNotification.notify():106 WindowMetricsNotification{bounds=Rect(0, 128 - 1080, 2400), insets=Rect(0, 0 - 0, 126), densityDpi=420, smallestScreenWidthDp=411, displayWidth=1080, displayHeight=2400, xdpi=420.0, ydpi=420.0}; DisplayMetrics{density=2.625, width=1080, height=2400, scaledDensity=2.625, xdpi=420.0, ydpi=420.0}
02-07 17:07:46.306  1308  1308 I GoogleInputMethodService: GoogleInputMethodService$1.onKeyboardViewShown():494 onKeyboardViewShown: keyboardType=prime, keyboardViewType=HEADER keyboardView=com.google.android.libraries.inputmethod.widgets.SoftKeyboardView{fe4a603 V.E...... ........ 0,0-1080,116}
02-07 17:07:46.306  1308  1308 E KeyboardViewController: KeyboardViewController$CurrentKeyboardStatus.setViewStatus():1643 Setting the SoftKeyboardView status for different keyboard type, current: accessory, new: prime
02-07 17:07:46.306  1308  1308 I GoogleInputMethodService: GoogleInputMethodService$1.onKeyboardViewShown():494 onKeyboardViewShown: keyboardType=prime, keyboardViewType=BODY keyboardView=com.google.android.libraries.inputmethod.widgets.SoftKeyboardView{71199ba V.E...... ........ 0,0-1080,641}
02-07 17:07:46.306  1308  1308 E KeyboardViewController: KeyboardViewController$CurrentKeyboardStatus.setViewStatus():1643 Setting the SoftKeyboardView status for different keyboard type, current: accessory, new: prime
02-07 17:07:46.306  1308  1308 I NewLanguagePromptExtension: NewLanguagePromptExtension$1.onKeyboardViewShown():115 Not show new language banner: no new languages.
02-07 17:07:46.306  1308  1308 I WindowMetricsNotification: WindowMetricsNotification.notifyWithWindow():113 
02-07 17:07:46.306  1308  1308 I WindowMetricsNotification: WindowMetricsNotification.notify():106 WindowMetricsNotification{bounds=Rect(0, 128 - 1080, 2400), insets=Rect(0, 0 - 0, 126), densityDpi=420, smallestScreenWidthDp=411, displayWidth=1080, displayHeight=2400, xdpi=420.0, ydpi=420.0}; DisplayMetrics{density=2.625, width=1080, height=2400, scaledDensity=2.625, xdpi=420.0, ydpi=420.0}
02-07 17:07:46.307  1308  1308 I WindowMetricsNotification: WindowMetricsNotification.notifyWithWindow():113 
02-07 17:07:46.307  1308  1308 I WindowMetricsNotification: WindowMetricsNotification.notify():106 WindowMetricsNotification{bounds=Rect(0, 128 - 1080, 2400), insets=Rect(0, 0 - 0, 126), densityDpi=420, smallestScreenWidthDp=411, displayWidth=1080, displayHeight=2400, xdpi=420.0, ydpi=420.0}; DisplayMetrics{density=2.625, width=1080, height=2400, scaledDensity=2.625, xdpi=420.0, ydpi=420.0}
02-07 17:07:46.307  1308  1308 I WindowMetricsNotification: WindowMetricsNotification.notifyWithWindow():113 
02-07 17:07:46.310  1308  1308 I WindowMetricsNotification: WindowMetricsNotification.notify():106 WindowMetricsNotification{bounds=Rect(0, 128 - 1080, 2400), insets=Rect(0, 0 - 0, 126), densityDpi=420, smallestScreenWidthDp=411, displayWidth=1080, displayHeight=2400, xdpi=420.0, ydpi=420.0}; DisplayMetrics{density=2.625, width=1080, height=2400, scaledDensity=2.625, xdpi=420.0, ydpi=420.0}
02-07 17:07:46.311  1308  1308 I WindowMetricsNotification: WindowMetricsNotification.notifyWithWindow():113 
02-07 17:07:46.311  1308  1308 I WindowMetricsNotification: WindowMetricsNotification.notify():106 WindowMetricsNotification{bounds=Rect(0, 128 - 1080, 2400), insets=Rect(0, 0 - 0, 126), densityDpi=420, smallestScreenWidthDp=411, displayWidth=1080, displayHeight=2400, xdpi=420.0, ydpi=420.0}; DisplayMetrics{density=2.625, width=1080, height=2400, scaledDensity=2.625, xdpi=420.0, ydpi=420.0}
02-07 17:07:46.312  1308  1308 I WindowMetricsNotification: WindowMetricsNotification.notifyWithWindow():113 
02-07 17:07:46.312  1308  1308 I WindowMetricsNotification: WindowMetricsNotification.notify():106 WindowMetricsNotification{bounds=Rect(0, 128 - 1080, 2400), insets=Rect(0, 0 - 0, 126), densityDpi=420, smallestScreenWidthDp=411, displayWidth=1080, displayHeight=2400, xdpi=420.0, ydpi=420.0}; DisplayMetrics{density=2.625, width=1080, height=2400, scaledDensity=2.625, xdpi=420.0, ydpi=420.0}
02-07 17:07:46.323  1308  1844 D EGL_emulation: app_time_stats: avg=1699.55ms min=3.29ms max=5091.57ms count=3
02-07 17:07:46.327  1308  1696 I Delight5Decoder: Delight5DecoderWrapper.setKeyboardLayout():511 setKeyboardLayout()
02-07 17:07:46.333  3568  3572 I example.kassaku: Compiler allocated 7653KB to compile void com.example.kassaku.ui.HomeScreenKt.HomeScreen(int, com.example.kassaku.viewmodel.HomeViewModel, androidx.navigation.NavController, kotlin.jvm.functions.Function0, androidx.compose.runtime.Composer, int)
02-07 17:07:46.333  1308  1696 I Delight5Decoder: Delight5DecoderWrapper.setKeyboardLayout():511 setKeyboardLayout()
02-07 17:07:46.336   393  3632 W android.hardware.audio@7.1-impl.ranchu: pcmWrite:259 pcm_writei failed with 'cannot read/write stream data: I/O error' (-1)
02-07 17:07:46.336   393  3632 E android.hardware.audio@7.1-impl.ranchu: pcmWrite:260 failure: -1
02-07 17:07:46.338  3568  3634 I okhttp.OkHttpClient: <-- 200 OK http://10.0.2.2:8000/api/fcm-token (172ms)
02-07 17:07:46.338  3568  3634 I okhttp.OkHttpClient: Host: 10.0.2.2:8000
02-07 17:07:46.338  3568  3634 I okhttp.OkHttpClient: Connection: close
02-07 17:07:46.338  3568  3634 I okhttp.OkHttpClient: X-Powered-By: PHP/8.2.28
02-07 17:07:46.338  3568  3634 I okhttp.OkHttpClient: Cache-Control: no-cache, private
02-07 17:07:46.338  3568  3634 I okhttp.OkHttpClient: Date: Sat, 07 Feb 2026 10:07:47 GMT
02-07 17:07:46.338  3568  3634 I okhttp.OkHttpClient: Content-Type: application/json
02-07 17:07:46.338  3568  3634 I okhttp.OkHttpClient: X-RateLimit-Limit: 60
02-07 17:07:46.338  3568  3634 I okhttp.OkHttpClient: X-RateLimit-Remaining: 58
02-07 17:07:46.338  3568  3634 I okhttp.OkHttpClient: Access-Control-Allow-Origin: *
02-07 17:07:46.339  3568  3634 I okhttp.OkHttpClient: {"success":true,"message":"FCM token saved successfully"}
02-07 17:07:46.339  3568  3634 I okhttp.OkHttpClient: <-- END HTTP (57-byte body)
02-07 17:07:46.344  3568  3638 D MainActivity: FCM token synced to server
02-07 17:07:46.384  3568  3634 I okhttp.OkHttpClient: --> GET http://10.0.2.2:8000/api/user/8/saldo
02-07 17:07:46.386  3568  3634 I okhttp.OkHttpClient: --> END GET
02-07 17:07:46.387  3568  3634 D TrafficStats: tagSocket(123) with statsTag=0xffffffff, statsUid=-1
02-07 17:07:46.409  3568  3568 D HomeViewModel: fetchRiwayatTransaksi: 8, null, null, null, null, null
02-07 17:07:46.422  3568  3643 I okhttp.OkHttpClient: --> GET http://10.0.2.2:8000/api/riwayat/8
02-07 17:07:46.422  3568  3643 I okhttp.OkHttpClient: --> END GET
02-07 17:07:46.424  3568  3643 D TrafficStats: tagSocket(132) with statsTag=0xffffffff, statsUid=-1
02-07 17:07:46.430  3568  3645 I okhttp.OkHttpClient: --> GET http://10.0.2.2:8000/api/user/8/statistik
02-07 17:07:46.430  3568  3645 I okhttp.OkHttpClient: --> END GET
02-07 17:07:46.433   384  3646 I resolv  : GetAddrInfoHandler::run: {101 101 101 983141 10211 0}
02-07 17:07:46.434  3568  3645 D TrafficStats: tagSocket(146) with statsTag=0xffffffff, statsUid=-1
02-07 17:07:46.435   384  3647 I resolv  : res_nmkquery: (QUERY, IN, AAAA)
02-07 17:07:46.435   384  3648 I resolv  : res_nmkquery: (QUERY, IN, A)
02-07 17:07:46.440   393  3632 W android.hardware.audio@7.1-impl.ranchu: pcmWrite:259 pcm_writei failed with 'cannot read/write stream data: I/O error' (-1)
02-07 17:07:46.440   393  3632 E android.hardware.audio@7.1-impl.ranchu: pcmWrite:260 failure: -1
02-07 17:07:46.446  3568  3568 D CompatChangeReporter: Compat change id reported: 291868760; UID 10211; state: ENABLED
02-07 17:07:46.462  3568  3634 I okhttp.OkHttpClient: <-- 200 OK http://10.0.2.2:8000/api/user/8/saldo (75ms)
02-07 17:07:46.462  3568  3634 I okhttp.OkHttpClient: Host: 10.0.2.2:8000
02-07 17:07:46.462  3568  3634 I okhttp.OkHttpClient: Connection: close
02-07 17:07:46.462  3568  3634 I okhttp.OkHttpClient: X-Powered-By: PHP/8.2.28
02-07 17:07:46.462  3568  3634 I okhttp.OkHttpClient: Cache-Control: no-cache, private
02-07 17:07:46.463  3568  3634 I okhttp.OkHttpClient: Date: Sat, 07 Feb 2026 10:07:47 GMT
02-07 17:07:46.463  3568  3634 I okhttp.OkHttpClient: Content-Type: application/json
02-07 17:07:46.463  3568  3634 I okhttp.OkHttpClient: X-RateLimit-Limit: 60
02-07 17:07:46.463  3568  3634 I okhttp.OkHttpClient: X-RateLimit-Remaining: 57
02-07 17:07:46.463  3568  3634 I okhttp.OkHttpClient: Access-Control-Allow-Origin: *
02-07 17:07:46.463  3568  3634 I okhttp.OkHttpClient: {"success":true,"message":"Data saldo berhasil diambil","data":{"id_user":8,"username":"user","saldo":"4935310.00","pemasukan":"1511066.00","pengeluaran":"3000000.00","target_pengeluaran":"3000000.00","is_over_budget":false}}
02-07 17:07:46.463  3568  3634 I okhttp.OkHttpClient: <-- END HTTP (225-byte body)
02-07 17:07:46.505  3568  3572 I example.kassaku: Compiler allocated 6415KB to compile void com.example.kassaku.ui.HomeScreenKt$HomeScreen$5$1$1$3.invoke(androidx.compose.animation.AnimatedVisibilityScope, androidx.compose.runtime.Composer, int)
02-07 17:07:46.527  3568  3568 D InsetsController: show(ime(), fromIme=true)
02-07 17:07:46.527  3568  3568 I ImeTracker: com.example.kassaku:9169d125: onCancelled at PHASE_CLIENT_APPLY_ANIMATION
02-07 17:07:46.544   393  3632 W android.hardware.audio@7.1-impl.ranchu: pcmWrite:259 pcm_writei failed with 'cannot read/write stream data: I/O error' (-1)
02-07 17:07:46.544   393  3632 E android.hardware.audio@7.1-impl.ranchu: pcmWrite:260 failure: -1
02-07 17:07:46.624  3568  3643 I okhttp.OkHttpClient: <-- 200 OK http://10.0.2.2:8000/api/riwayat/8 (201ms)
02-07 17:07:46.624  3568  3643 I okhttp.OkHttpClient: Host: 10.0.2.2:8000
02-07 17:07:46.624  3568  3643 I okhttp.OkHttpClient: Connection: close
02-07 17:07:46.624  3568  3643 I okhttp.OkHttpClient: X-Powered-By: PHP/8.2.28
02-07 17:07:46.624  3568  3643 I okhttp.OkHttpClient: Cache-Control: no-cache, private
02-07 17:07:46.624  3568  3645 I okhttp.OkHttpClient: <-- 200 OK http://10.0.2.2:8000/api/user/8/statistik (193ms)
02-07 17:07:46.624  3568  3645 I okhttp.OkHttpClient: Host: 10.0.2.2:8000
02-07 17:07:46.624   384  3647 I resolv  : res_nsend: used send_dg 109 terrno: 0
02-07 17:07:46.624   384  3647 I resolv  : doQuery: rcode=0, ancount=1, return value=109
02-07 17:07:46.625  3568  3645 I okhttp.OkHttpClient: Connection: close
02-07 17:07:46.625  3568  3645 I okhttp.OkHttpClient: X-Powered-By: PHP/8.2.28
02-07 17:07:46.625  3568  3645 I okhttp.OkHttpClient: Cache-Control: no-cache, private
02-07 17:07:46.625  3568  3645 I okhttp.OkHttpClient: Date: Sat, 07 Feb 2026 10:07:47 GMT
02-07 17:07:46.625  3568  3645 I okhttp.OkHttpClient: Content-Type: application/json
02-07 17:07:46.625  3568  3645 I okhttp.OkHttpClient: X-RateLimit-Limit: 60
02-07 17:07:46.625  3568  3645 I okhttp.OkHttpClient: X-RateLimit-Remaining: 56
02-07 17:07:46.625  3568  3645 I okhttp.OkHttpClient: Access-Control-Allow-Origin: *
02-07 17:07:46.626  3568  3645 I okhttp.OkHttpClient: {"success":true,"message":"Data statistik berhasil diambil","data":{"labels":["Sep","Oct","Nov","Dec","Jan","Feb"],"pemasukan":[0,0,0,3100000,4424244,1511066],"pengeluaran":[0,0,0,1500000,1000000,3000000]}}
02-07 17:07:46.626  3568  3645 I okhttp.OkHttpClient: <-- END HTTP (206-byte body)
02-07 17:07:46.627  3568  3643 I okhttp.OkHttpClient: Date: Sat, 07 Feb 2026 10:07:47 GMT
