02-07 17:07:54.730   585   600 W system_server: ApkAssets: Deleting an ApkAssets object '/vendor/overlay/EmulatorTalkBackOverlay/EmulatorTalkBackOverlay.apk' with 1 weak references
02-07 17:07:54.731   585   600 W system_server: ApkAssets: Deleting an ApkAssets object '<empty> and /product/app/PrebuiltGmail/PrebuiltGmail.apk' with 1 weak references
02-07 17:07:54.743  1387  1387 I GsaVoiceInteractionSrv: (REDACTED) O received %s
02-07 17:07:54.771   439   439 E BpTransactionCompletedListener: Failed to transact (-32)
02-07 17:07:54.774   585   728 D NetworkStatsObservers: Registering observer for RequestInfo from pid/uid:585/1000(android) for DataUsageRequest [ requestId=8, networkTemplate=NetworkTemplate: matchRule=MOBILE, matchSubscriberIds=[310260...], matchWifiNetworkKeys=[], metered=YES, defaultNetwork=NO, thresholdInBytes=3662353 ] accessLevel:3
02-07 17:07:54.778  1290  1290 D LauncherAppsCallbackImpl: package removed received com.example.kassaku
02-07 17:07:54.779  1290  1453 D PackageUpdatedTask: Package updated: mOp=REMOVE packages=[com.example.kassaku]
02-07 17:07:54.786   585  1767 E AtomicFile: Failed to rename /data/system/cachequota.xml.new to /data/system/cachequota.xml
02-07 17:07:54.798   585  1741 D SafetySourceDataValidat: No cert check requested for package com.google.android.permissioncontroller
02-07 17:07:54.801   585   823 D NetworkStatsObservers: Unregistering RequestInfo from pid/uid:585/1000(android) for DataUsageRequest [ requestId=7, networkTemplate=NetworkTemplate: matchRule=MOBILE, matchSubscriberIds=[310260...], matchWifiNetworkKeys=[], metered=YES, defaultNetwork=NO, thresholdInBytes=3675392 ] accessLevel:3
02-07 17:07:54.804  3678  3678 D nativeloader: Configuring clns-shared-7 for other apk /system/priv-app/DocumentsUIGoogle/DocumentsUIGoogle.apk. target_sdk_version=35, uses_libraries=, library_path=/system/priv-app/DocumentsUIGoogle/lib/x86_64:/system/lib64:/system_ext/lib64, permitted_path=/data:/mnt/expand:/data/user/0/com.google.android.documentsui:/system/priv-app/DocumentsUIGoogle:/system/lib64:/system_ext/lib64
02-07 17:07:54.807  1290  1453 D PackageUpdatedTask: REMOVE: removing package=com.example.kassaku
02-07 17:07:54.808  1290  1290 D StatsLog: LAUNCHER_ALLAPPS_COUNT
02-07 17:07:54.828  1290  1453 D PackageUpdatedTask: OP_REMOVE: removing packages=[com.example.kassaku]
02-07 17:07:54.829  1290  1453 D ModelWriter: removing items from db . Reason: [removed because the corresponding package or component is removed. mOp=3 removedPackages=[com.example.kassaku] removedComponents=[]]
02-07 17:07:54.830  3678  3678 D CompatChangeReporter: Compat change id reported: 202956589; UID 10096; state: ENABLED
02-07 17:07:54.850  1179  1179 D PersistedStoragePackageUninstalledReceiver: Received android.intent.action.PACKAGE_FULLY_REMOVED for com.example.kassaku for u0
02-07 17:07:54.864  1290  1290 D Launcher.Workspace: addInScreenFromBind: hotseat inflation with x = 3 and y = 0
02-07 17:07:54.882  1049  3699 I ProximityAuth: [RecentAppsMediator] Package removed: (user=UserHandle{0}) com.example.kassaku
02-07 17:07:54.887  1290  1536 D EGL_emulation: app_time_stats: avg=60.34ms min=11.19ms max=135.66ms count=14
02-07 17:07:55.014  1179  1186 W ssioncontroller: ApkAssets: Deleting an ApkAssets object '<empty> and /system/framework/framework-res.apk' with 1 weak references
02-07 17:07:55.032   384   464 I netd    : tetherGetStats() -> {[]} <4.58ms>
02-07 17:07:55.047  1049  3701 I Fitness : FitCleanupIntentOperation received Intent android.intent.action.PACKAGE_REMOVED [CONTEXT service_id=17 ]
02-07 17:07:55.140     0     0 I servicemanager: Caller(pid=585,uid=1000,sid=u:r:system_server:s0) Since 'android.system.virtualizationmaintenance' could not be found trying to start it as a lazy AIDL service. (if it's not configured to be a lazy service, it may be stuck starting or still starting).
02-07 17:07:55.152     0     0 I init    : starting service 'virtualizationservice'...
02-07 17:07:55.167     0     0 I init    : ... started service 'virtualizationservice' has pid 3714
02-07 17:07:55.168     0     0 I init    : Control message: Processed ctl.interface_start for 'aidl/android.system.virtualizationmaintenance' from pid: 176 (/system/bin/servicemanager)
02-07 17:07:55.174   824   831 I ndroid.systemui: Background concurrent mark compact GC freed 2819KB AllocSpace bytes, 1(20KB) LOS objects, 49% free, 17MB/35MB, paused 772us,26.806ms total 1.086s
02-07 17:07:55.184  3678  3678 V GraphicsEnvironment: Currently set values for:
02-07 17:07:55.184  3678  3678 V GraphicsEnvironment:   angle_gl_driver_selection_pkgs=[]
02-07 17:07:55.184  3678  3678 V GraphicsEnvironment:   angle_gl_driver_selection_values=[]
02-07 17:07:55.184  3678  3678 V GraphicsEnvironment: Global.Settings values are invalid: number of packages: 0, number of values: 0
02-07 17:07:55.185  3678  3678 V GraphicsEnvironment: Neither updatable production driver nor prerelease driver is supported.
02-07 17:07:55.212   585   728 W system_server: Long monitor contention with owner NetworkStats (726) at void android.net.connectivity.com.android.server.net.NetworkStatsService.performPoll(int, android.net.connectivity.com.android.server.net.NetworkStatsEventLogger$PollEvent)(NetworkStatsService.java:2590) waiters=0 in android.net.NetworkStatsHistory android.net.connectivity.com.android.server.net.NetworkStatsService.internalGetHistoryForNetwork(android.net.NetworkTemplate, int, int, int, int, long, long) for 438ms
02-07 17:07:55.231   585   729 W system_server: Long monitor contention with owner NetworkStats (726) at void android.net.connectivity.com.android.server.net.NetworkStatsService.performPoll(int, android.net.connectivity.com.android.server.net.NetworkStatsEventLogger$PollEvent)(NetworkStatsService.java:2590) waiters=1 in void android.net.connectivity.com.android.server.net.NetworkStatsService.noteUidForeground(int, boolean) for 426ms
02-07 17:07:55.275   384  3720 I resolv  : GetAddrInfoHandler::run: {101 786533 101 983141 10144 0}
02-07 17:07:55.277   384  3721 I resolv  : res_nmkquery: (QUERY, IN, AAAA)
02-07 17:07:55.278   384  3722 I resolv  : res_nmkquery: (QUERY, IN, A)
02-07 17:07:55.289   585   954 W system_server: Long monitor contention with owner NetworkStats (726) at void android.net.connectivity.com.android.server.net.NetworkStatsService.performPoll(int, android.net.connectivity.com.android.server.net.NetworkStatsEventLogger$PollEvent)(NetworkStatsService.java:2590) waiters=2 in java.lang.String[] android.net.connectivity.com.android.server.net.NetworkStatsService.getAllIfacesSinceBoot(int) for 416ms
02-07 17:07:55.291  3714  3714 I VirtualizationService: virtualizationservice::maintenance: Failed to find a Secretkeeper instance; skipping secret management
02-07 17:07:55.325     0     0 I servicemanager: Caller(pid=3714,uid=1000,sid=u:r:virtualizationservice:s0) Could not find android.hardware.security.secretkeeper.ISecretkeeper/default in the VINTF manifest. No alternative instances declared in VINTF.
02-07 17:07:55.292  3714  3714 I AidlLazyServiceRegistrar: Registering service android.system.virtualizationservice
02-07 17:07:55.296  3714  3714 I VirtualizationService: virtualizationservice: Registered Binder service android.system.virtualizationservice.
02-07 17:07:55.342     0     0 I servicemanager: Caller(pid=3714,uid=1000,sid=u:r:virtualizationservice:s0) Could not find android.hardware.security.keymint.IRemotelyProvisionedComponent/avf in the VINTF manifest. VINTF declared instances: default.
02-07 17:07:55.301  3714  3714 I AidlLazyServiceRegistrar: Registering service android.system.virtualizationmaintenance
02-07 17:07:55.349     0     0 I BpBinder: onLastStrongRef automatically unlinking death recipients:
02-07 17:07:55.351     0     0 I servicemanager: Notifying android.system.virtualizationmaintenance they do (previously: don't) have clients when service is guaranteed to be in use
02-07 17:07:55.312  1376  1645 W ogle.android.as: Long monitor contention with owner aiai-vc-0 (1998) at java.lang.Object ibk.b()(PG:48) waiters=0 in java.lang.Object ibk.b() for 412ms
02-07 17:07:55.315  3714  3714 I VirtualizationService: virtualizationservice: Registered Binder service android.system.virtualizationmaintenance.
02-07 17:07:55.316  3714  3724 I AidlLazyServiceRegistrar: Process has 1 (of 2 available) client(s) in use after notification android.system.virtualizationmaintenance has clients: 1
02-07 17:07:55.345  1510  3715 I Blockstore: [DataStoreImpl] Clearing all the restore credential for 1 packages [CONTEXT service_id=258 ]
02-07 17:07:55.346   824   833 W ndroid.systemui: ApkAssets: Deleting an ApkAssets object '<empty> and /data/app/~~duxtdjZUTwQxrNRvVZRsWA==/com.example.kassaku-s967QZq2tr4OyAsUnqW9dw==/base.apk' with 2 weak references
02-07 17:07:55.421  1376  1998 I AiAiTextClassifier: [VisualCortexAdapter]: provideRegistration: Registered Prominent Screen Entities for updates.
02-07 17:07:55.434   384  3721 I resolv  : res_nsend: used send_dg 177 terrno: 0
02-07 17:07:55.434   384  3721 I resolv  : doQuery: rcode=0, ancount=5, return value=177
02-07 17:07:55.473  1510  3698 W SQLiteLog: (28) double-quoted string literal: "com.example.kassaku"
02-07 17:07:55.478  1376  1998 I AiAiTextClassifier: [VisualCortexAdapter]: provideRegistration: Registered Prominent Screen Entities for updates.
02-07 17:07:55.491  1376  1998 I AiAiTextClassifier: [VisualCortexAdapter]: provideRegistration: Registered Prominent Screen Entities for updates.
02-07 17:07:55.499   384  3722 I resolv  : res_nsend: used send_dg 161 terrno: 0
02-07 17:07:55.499   384  3722 I resolv  : doQuery: rcode=0, ancount=7, return value=161
02-07 17:07:55.513  1049  3146 D TrafficStats: tagSocket(155) with statsTag=0x407, statsUid=-1
02-07 17:07:55.532  1510  2679 W Blockstore: [DataStoreImpl] Does not contain gms package key space. [CONTEXT service_id=258 ]
02-07 17:07:55.589  3714  3724 I VirtualizationService: virtualizationservice::aidl: ignoring packageRemoved(user_id=0, app_id=10211)
02-07 17:07:55.589  1510  3715 I Blockstore: [PackageIntentOperation] Deleted restore credential for package com.example.kassaku is successful: true [CONTEXT service_id=258 ]
02-07 17:07:55.594   384   464 I netd    : tetherGetStats() -> {[]} <8.74ms>
02-07 17:07:55.618  1510  3715 I Blockstore: [DataStoreImpl] Clearing all the Blockstore Data for package com.example.kassaku [CONTEXT service_id=258 ]
02-07 17:07:55.618  1510  3715 I Blockstore: [DataStoreImpl] Clearing all the Blockstore Data for 1 packages [CONTEXT service_id=258 ]
02-07 17:07:55.622  1376  1561 I AiAiEcho: [pnb-agg] Reload pnb aggregation on events deleted
02-07 17:07:55.624  1376  1561 I AiAiEcho: [pnb-agg] pnb aggregation disabled.
02-07 17:07:55.651  1510  3715 I Blockstore: [DataStoreImpl] Removing Blockstore data for packages [com.example.kassaku] [CONTEXT service_id=258 ]
02-07 17:07:55.680   585   609 I DropBoxManagerService: add tag=system_server_strictmode isTagEnabled=true flags=0x2
02-07 17:07:55.691  1510  1812 E WorkSourceUtil: Could not find package: com.example.kassaku
02-07 17:07:55.733  1049  3146 D TrafficStats: tagSocket(198) with statsTag=0x407, statsUid=-1
02-07 17:07:55.756  1049  3146 D TrafficStats: tagSocket(174) with statsTag=0x407, statsUid=-1
02-07 17:07:55.772  3678  3678 D CompatChangeReporter: Compat change id reported: 279646685; UID 10096; state: ENABLED
02-07 17:07:55.776  1049  3146 D TrafficStats: tagSocket(174) with statsTag=0x407, statsUid=-1
02-07 17:07:55.782  1510  3727 I Icing   : doRemovePackageData com.example.kassaku
02-07 17:07:55.842  1049  3146 D TrafficStats: tagSocket(174) with statsTag=0x407, statsUid=-1
02-07 17:07:55.850  1049  3146 D TrafficStats: tagSocket(174) with statsTag=0x407, statsUid=-1
02-07 17:07:55.873  1510  3606 W FA-SVC  : Did not find measurement config or missing version info. appId: com.example.kassaku
02-07 17:07:55.874  1510  1812 I Icing   : IndexChimeraService.getServiceInterface callingPackage=com.google.android.gms componentName=AppsCorpus serviceId=36
02-07 17:07:55.905  1290  1536 D EGL_emulation: app_time_stats: avg=49.78ms min=10.39ms max=377.62ms count=15
02-07 17:07:55.915  3678  3678 D CompatChangeReporter: Compat change id reported: 63938206; UID 10096; state: ENABLED
02-07 17:07:55.919   585  1767 D ActivityManager: sync unfroze 2001 com.android.externalstorage for 7
02-07 17:07:55.921   585  1767 W ContentProviderHelper: Slow operation: 76ms so far, now at getContentProviderImpl: after updateOomAdj
02-07 17:07:55.921   585  1767 W ContentProviderHelper: Slow operation: 76ms so far, now at getContentProviderImpl: done!
02-07 17:07:55.943  3678  3678 D DocumentsApplication: OverlayManager.setEnabled() result: true
02-07 17:07:55.955  1510  3606 W FA-SVC  : Did not find measurement config or missing version info. appId: com.example.kassaku
02-07 17:07:55.964  1510  1510 D BoundBrokerSvc: onBind: Intent { act=com.google.android.gms.feedback.internal.IFeedbackService dat=chimera-action:/... cmp=com.google.android.gms/.chimera.GmsBoundBrokerService }
02-07 17:07:55.969  3678  3736 W oid.documentsui: Long monitor contention with owner pool-2-thread-2 (3732) at void com.android.documentsui.roots.ProvidersCache$MultiProviderUpdateTask.handleDocumentsProvider(android.content.pm.ProviderInfo, com.android.documentsui.base.UserId)(ProvidersCache.java:648) waiters=2 in void com.android.documentsui.roots.ProvidersCache$MultiProviderUpdateTask.handleDocumentsProvider(android.content.pm.ProviderInfo, com.android.documentsui.base.UserId) for 437ms
02-07 17:07:55.970  1510  1510 D BoundBrokerSvc: Loading bound service for intent: Intent { act=com.google.android.gms.feedback.internal.IFeedbackService dat=chimera-action:/... cmp=com.google.android.gms/.chimera.GmsBoundBrokerService }
02-07 17:07:55.995   384   464 I netd    : tetherGetStats() -> {[]} <2.13ms>
02-07 17:07:56.004  1510  3727 I Icing   : Usage reports ok 0, Failed Usage reports 0, indexed 0, rejected 0
02-07 17:07:56.025  1510  1906 I Icing   : Indexing com.google.android.gms-apps from com.google.android.gms
02-07 17:07:56.029  3678  3735 W oid.documentsui: Long monitor contention with owner pool-2-thread-2 (3732) at void com.android.documentsui.roots.ProvidersCache$MultiProviderUpdateTask.handleDocumentsProvider(android.content.pm.ProviderInfo, com.android.documentsui.base.UserId)(ProvidersCache.java:648) waiters=3 in void com.android.documentsui.roots.ProvidersCache$MultiProviderUpdateTask.handleDocumentsProvider(android.content.pm.ProviderInfo, com.android.documentsui.base.UserId) for 497ms
02-07 17:07:56.032  3678  3734 W oid.documentsui: Long monitor contention with owner pool-2-thread-2 (3732) at void com.android.documentsui.roots.ProvidersCache$MultiProviderUpdateTask.handleDocumentsProvider(android.content.pm.ProviderInfo, com.android.documentsui.base.UserId)(ProvidersCache.java:648) waiters=4 in void com.android.documentsui.roots.ProvidersCache$MultiProviderUpdateTask.handleDocumentsProvider(android.content.pm.ProviderInfo, com.android.documentsui.base.UserId) for 500ms
02-07 17:07:56.036  1510  1812 I Icing   : IndexChimeraService.getServiceInterface callingPackage=com.google.android.gms componentName=null serviceId=30
02-07 17:07:56.038  1510  1906 I Icing   : Indexing done com.google.android.gms-apps
02-07 17:07:56.052  1510  1906 I Icing   : Usage reports ok 0, Failed Usage reports 0, indexed 0, rejected 0
02-07 17:07:56.060   824   824 D TileServices: Couldn't find tile for ComponentInfo{com.google.android.apps.wellbeing/com.google.android.apps.wellbeing.focusmode.quicksettings.FocusModeTileService}(0)
02-07 17:07:56.119   585   890 I AppWidgetServiceImpl: getInstalledProvidersForProfiles() 0
02-07 17:07:56.122   585   890 W ParceledListSlice: Element #25 is 19956 bytes.
02-07 17:07:56.122   585   890 W ParceledListSlice: Element #26 is 19992 bytes.
02-07 17:07:56.123   585   890 W ParceledListSlice: Element #27 is 19836 bytes.
02-07 17:07:56.123   585   890 W ParceledListSlice: Element #28 is 19744 bytes.
02-07 17:07:56.123   585   890 W ParceledListSlice: Element #29 is 19856 bytes.
02-07 17:07:56.135  1376  1828 W PackageManager: Failure retrieving text 0x7f130786 in package com.android.systemui
02-07 17:07:56.135  1376  1828 W PackageManager: android.content.res.Resources$NotFoundException: String resource ID #0x7f130786
02-07 17:07:56.135  1376  1828 W PackageManager: 	at android.content.res.Resources.getText(Resources.java:466)
02-07 17:07:56.135  1376  1828 W PackageManager: 	at android.app.ApplicationPackageManager.getText(ApplicationPackageManager.java:2405)
02-07 17:07:56.135  1376  1828 W PackageManager: 	at android.appwidget.AppWidgetProviderInfo.loadDescription(AppWidgetProviderInfo.java:484)
02-07 17:07:56.135  1376  1828 W PackageManager: 	at kml.a(PG:341)
02-07 17:07:56.135  1376  1828 W PackageManager: 	at kmg.b(PG:82)
02-07 17:07:56.135  1376  1828 W PackageManager: 	at aaer.g(PG:13)
02-07 17:07:56.135  1376  1828 W PackageManager: 	at kotlinx.coroutines.DispatchedTask.run(PG:114)
02-07 17:07:56.135  1376  1828 W PackageManager: 	at java.util.concurrent.Executors$RunnableAdapter.call(Executors.java:487)
02-07 17:07:56.135  1376  1828 W PackageManager: 	at wqm.a(PG:3)
02-07 17:07:56.135  1376  1828 W PackageManager: 	at wpo.run(PG:21)
02-07 17:07:56.135  1376  1828 W PackageManager: 	at wqn.run(PG:5)
02-07 17:07:56.135  1376  1828 W PackageManager: 	at java.util.concurrent.Executors$RunnableAdapter.call(Executors.java:487)
02-07 17:07:56.135  1376  1828 W PackageManager: 	at java.util.concurrent.FutureTask.run(FutureTask.java:264)
02-07 17:07:56.135  1376  1828 W PackageManager: 	at java.util.concurrent.ScheduledThreadPoolExecutor$ScheduledFutureTask.run(ScheduledThreadPoolExecutor.java:307)
02-07 17:07:56.135  1376  1828 W PackageManager: 	at java.util.concurrent.ThreadPoolExecutor.runWorker(ThreadPoolExecutor.java:1145)
02-07 17:07:56.135  1376  1828 W PackageManager: 	at java.util.concurrent.ThreadPoolExecutor$Worker.run(ThreadPoolExecutor.java:644)
02-07 17:07:56.135  1376  1828 W PackageManager: 	at hqv.run(PG:221)
02-07 17:07:56.135  1376  1828 W PackageManager: 	at java.lang.Thread.run(Thread.java:1012)
02-07 17:07:56.148  1323  1332 W .apps.wellbeing: ApkAssets: Deleting an ApkAssets object '<empty> and /system_ext/priv-app/MultiDisplayProvider/MultiDisplayProvider.apk' with 1 weak references
02-07 17:07:56.149  1323  1332 W .apps.wellbeing: ApkAssets: Deleting an ApkAssets object '<empty> and /system/priv-app/DeviceDiagnostics/DeviceDiagnostics.apk' with 1 weak references
02-07 17:07:56.149  1323  1332 W .apps.wellbeing: ApkAssets: Deleting an ApkAssets object '/product/overlay/DeviceDiagnostics__sdk_gphone64_x86_64__auto_generated_rro_product.apk' with 1 weak references
02-07 17:07:56.150  1323  1332 W .apps.wellbeing: ApkAssets: Deleting an ApkAssets object '<empty> and /product/overlay/NotesRoleEnabled/NotesRoleEnabledOverlay.apk' with 1 weak references
02-07 17:07:56.150  1323  1332 W .apps.wellbeing: ApkAssets: Deleting an ApkAssets object '<empty> and /system/priv-app/LiveWallpapersPicker/LiveWallpapersPicker.apk' with 1 weak references
02-07 17:07:56.151  1323  1332 W .apps.wellbeing: ApkAssets: Deleting an ApkAssets object '<empty> and /product/app/PrebuiltGoogleAdservicesTvp/PrebuiltGoogleAdservicesTvp.apk' with 1 weak references
02-07 17:07:56.151  1323  1332 W .apps.wellbeing: ApkAssets: Deleting an ApkAssets object '<empty> and /apex/com.android.healthfitness/priv-app/HealthConnectControllerGoogle@350820300/HealthConnectControllerGoogle.apk' with 1 weak references
02-07 17:07:56.152  1323  1332 W .apps.wellbeing: ApkAssets: Deleting an ApkAssets object '<empty> and /product/priv-app/KidsSupervisionStub/KidsSupervisionStub.apk' with 1 weak references
02-07 17:07:56.152  1323  1332 W .apps.wellbeing: ApkAssets: Deleting an ApkAssets object '<empty> and /system_ext/priv-app/StorageManager/StorageManager.apk' with 1 weak references
02-07 17:07:56.152  1323  1332 W .apps.wellbeing: ApkAssets: Deleting an ApkAssets object '/product/overlay/StorageManager__sdk_gphone64_x86_64__auto_generated_rro_product.apk' with 1 weak references
02-07 17:07:56.153  1323  1332 W .apps.wellbeing: ApkAssets: Deleting an ApkAssets object '<empty> and /system/app/BookmarkProvider/BookmarkProvider.apk' with 1 weak references
02-07 17:07:56.153  1323  1332 W .apps.wellbeing: ApkAssets: Deleting an ApkAssets object '<empty> and /system_ext/priv-app/SettingsGoogle/SettingsGoogle.apk' with 1 weak references
02-07 17:07:56.154  1323  1332 W .apps.wellbeing: ApkAssets: Deleting an ApkAssets object '/product/overlay/SettingsGoogle__sdk_gphone64_x86_64__auto_generated_rro_product.apk' with 1 weak references
02-07 17:07:56.154  1323  1332 W .apps.wellbeing: ApkAssets: Deleting an ApkAssets object '<empty> and /product/priv-app/SettingsIntelligenceGooglePrebuilt/SettingsIntelligenceGooglePrebuilt.apk' with 1 weak references
02-07 17:07:56.155  1323  1332 W .apps.wellbeing: ApkAssets: Deleting an ApkAssets object '<empty> and /apex/com.android.uwb/priv-app/ServiceUwbResourcesGoogle@350820300/ServiceUwbResourcesGoogle.apk' with 1 weak references
02-07 17:07:56.155  1323  1332 W .apps.wellbeing: ApkAssets: Deleting an ApkAssets object '<empty> and /apex/com.android.wifi/priv-app/ServiceWifiResourcesGoogle@350820300/ServiceWifiResourcesGoogle.apk' with 1 weak references
02-07 17:07:56.156  1323  1332 W .apps.wellbeing: ApkAssets: Deleting an ApkAssets object '<empty> and /system_ext/priv-app/ThemePicker/ThemePicker.apk' with 1 weak references
02-07 17:07:56.156  1323  1332 W .apps.wellbeing: ApkAssets: Deleting an ApkAssets object '<empty> and /system_ext/priv-app/WallpaperPickerGoogleRelease/WallpaperPickerGoogleRelease.apk' with 1 weak references
02-07 17:07:56.156  1323  1332 W .apps.wellbeing: ApkAssets: Deleting an ApkAssets object '<empty> and /product/priv-app/OdadPrebuilt/OdadPrebuilt.apk' with 1 weak references
02-07 17:07:56.156  1323  1332 W .apps.wellbeing: ApkAssets: Deleting an ApkAssets object '<empty> and /system/priv-app/TeleService/TeleService.apk' with 1 weak references
02-07 17:07:56.157  1323  1332 W .apps.wellbeing: ApkAssets: Deleting an ApkAssets object '/vendor/overlay/TeleService__sdk_gphone64_x86_64__auto_generated_rro_vendor.apk' with 1 weak references
02-07 17:07:56.157  1323  1332 W .apps.wellbeing: ApkAssets: Deleting an ApkAssets object '/product/overlay/TeleService__sdk_gphone64_x86_64__auto_generated_rro_product.apk' with 1 weak references
02-07 17:07:56.157  1323  1332 W .apps.wellbeing: ApkAssets: Deleting an ApkAssets object '<empty> and /system/priv-app/Shell/Shell.apk' with 1 weak references
02-07 17:07:56.157  1323  1332 W .apps.wellbeing: ApkAssets: Deleting an ApkAssets object '<empty> and /system/priv-app/BlockedNumberProvider/BlockedNumberProvider.apk' with 1 weak references
02-07 17:07:56.157  1323  1332 W .apps.wellbeing: ApkAssets: Deleting an ApkAssets object '<empty> and /system/priv-app/UserDictionaryProvider/UserDictionaryProvider.apk' with 1 weak references
02-07 17:07:56.157  1323  1332 W .apps.wellbeing: ApkAssets: Deleting an ApkAssets object '<empty> and /system_ext/app/EmergencyInfoGoogleNoUi/EmergencyInfoGoogleNoUi.apk' with 1 weak references
02-07 17:07:56.158  1323  1332 W .apps.wellbeing: ApkAssets: Deleting an ApkAssets object '<empty> and /product/overlay/NavigationBarModeGestural/NavigationBarModeGesturalOverlay.apk' with 1 weak references
02-07 17:07:56.158  1323  1332 W .apps.wellbeing: ApkAssets: Deleting an ApkAssets object '<empty> and /system/priv-app/FusedLocation/FusedLocation.apk' with 1 weak references
02-07 17:07:56.158  1323  1332 W .apps.wellbeing: ApkAssets: Deleting an ApkAssets object '<empty> and /system_ext/priv-app/SystemUIGoogle/SystemUIGoogle.apk' with 1 weak references
02-07 17:07:56.158  1323  1332 W .apps.wellbeing: ApkAssets: Deleting an ApkAssets object '/vendor/overlay/SystemUIGoogle__sdk_gphone64_x86_64__auto_generated_rro_vendor.apk' with 1 weak references
02-07 17:07:56.158  1323  1332 W .apps.wellbeing: ApkAssets: Deleting an ApkAssets object '/product/overlay/SystemUIGoogle__sdk_gphone64_x86_64__auto_generated_rro_product.apk' with 1 weak references
02-07 17:07:56.158  1376  1828 I AiAiEcho: EchoSearch: WidgetFetcherImpl is initialized with [33] widgets [reason=package removed for userId: 0]
02-07 17:07:56.158  1323  1332 W .apps.wellbeing: ApkAssets: Deleting an ApkAssets object '/product/overlay/SystemUIEmulationPixel6/SystemUIEmulationPixel6Overlay.apk' with 1 weak references
02-07 17:07:56.158  1323  1332 W .apps.wellbeing: ApkAssets: Deleting an ApkAssets object '<empty> and /product/app/YouTubeMusicPrebuilt/YouTubeMusicPrebuilt.apk' with 1 weak references
02-07 17:07:56.159  1323  1332 W .apps.wellbeing: ApkAssets: Deleting an ApkAssets object '<empty> and /system/app/BluetoothMidiService/BluetoothMidiService.apk' with 1 weak references
02-07 17:07:56.159  1323  1332 W .apps.wellbeing: ApkAssets: Deleting an ApkAssets object '<empty> and /system/app/Traceur/Traceur.apk' with 1 weak references
02-07 17:07:56.160  1323  1332 W .apps.wellbeing: ApkAssets: Deleting an ApkAssets object '<empty> and /apex/com.android.cellbroadcast/priv-app/GoogleCellBroadcastApp@350820300/GoogleCellBroadcastApp.apk' with 1 weak references
02-07 17:07:56.161  1323  1332 W .apps.wellbeing: ApkAssets: Deleting an ApkAssets object '<empty> and /system/priv-app/ContactsProvider/ContactsProvider.apk' with 1 weak references
02-07 17:07:56.161  1323  1332 W .apps.wellbeing: ApkAssets: Deleting an ApkAssets object '/product/overlay/ContactsProvider__sdk_gphone64_x86_64__auto_generated_rro_product.apk' with 1 weak references
02-07 17:07:56.161  1323  1332 W .apps.wellbeing: ApkAssets: Deleting an ApkAssets object '<empty> and /product/app/LatinIMEGooglePrebuilt/LatinIMEGooglePrebuilt.apk' with 1 weak references
02-07 17:07:56.162  1323  1332 W .apps.wellbeing: ApkAssets: Deleting an ApkAssets object '<empty> and /product/priv-app/GoogleRestorePrebuilt-v526684/GoogleRestorePrebuilt-v526684.apk' with 1 weak references
02-07 17:07:56.162  1323  1332 W .apps.wellbeing: ApkAssets: Deleting an ApkAssets object '<empty> and /product/app/YouTube/YouTube.apk' with 1 weak references
02-07 17:07:56.162  1323  1332 W .apps.wellbeing: ApkAssets: Deleting an ApkAssets object '<empty> and /product/overlay/DisplayCutoutEmulationCorner/DisplayCutoutEmulationCornerOverlay.apk' with 1 weak references
02-07 17:07:56.163  1323  1332 W .apps.wellbeing: ApkAssets: Deleting an ApkAssets object '<empty> and /apex/com.android.extservices/priv-app/GoogleExtServices@350820300/GoogleExtServices.apk' with 1 weak references
02-07 17:07:56.163  1323  1332 W .apps.wellbeing: ApkAssets: Deleting an ApkAssets object '<empty> and /product/overlay/DisplayCutoutEmulationDouble/DisplayCutoutEmulationDoubleOverlay.apk' with 1 weak references
02-07 17:07:56.163  1323  1332 W .apps.wellbeing: ApkAssets: Deleting an ApkAssets object '<empty> and /system/priv-app/TelephonyProvider/TelephonyProvider.apk' with 1 weak references
02-07 17:07:56.163  1323  1332 W .apps.wellbeing: ApkAssets: Deleting an ApkAssets object '/product/overlay/TelephonyProvider__sdk_gphone64_x86_64__auto_generated_rro_product.apk' with 1 weak references
02-07 17:07:56.163  1323  1332 W .apps.wellbeing: ApkAssets: Deleting an ApkAssets object '<empty> and /system/priv-app/DynamicSystemInstallationService/DynamicSystemInstallationService.apk' with 1 weak references
02-07 17:07:56.163  1323  1332 W .apps.wellbeing: ApkAssets: Deleting an ApkAssets object '<empty> and /product/priv-app/Velvet/Velvet.apk' with 1 weak references
02-07 17:07:56.164  1323  1332 W .apps.wellbeing: ApkAssets: Deleting an ApkAssets object '<empty> and /system/priv-app/CalendarProvider/CalendarProvider.apk' with 1 weak references
02-07 17:07:56.164  1323  1332 W .apps.wellbeing: ApkAssets: Deleting an ApkAssets object '<empty> and /system/priv-app/ExternalStorageProvider/ExternalStorageProvider.apk' with 1 weak references
02-07 17:07:56.164  1323  1332 W .apps.wellbeing: ApkAssets: Deleting an ApkAssets object '<empty> and /system/app/HTMLViewer/HTMLViewer.apk' with 1 weak references
02-07 17:07:56.293   384  3742 I resolv  : GetAddrInfoHandler::run: {101 786533 101 983141 10144 0}
02-07 17:07:56.294   384  3743 I resolv  : res_nmkquery: (QUERY, IN, AAAA)
02-07 17:07:56.294   384  3744 I resolv  : res_nmkquery: (QUERY, IN, A)
02-07 17:07:56.332   384  3743 I resolv  : res_nsend: used send_dg 149 terrno: 0
02-07 17:07:56.332   384  3743 I resolv  : doQuery: rcode=0, ancount=4, return value=149
02-07 17:07:56.349   384  3744 I resolv  : res_nsend: used send_dg 133 terrno: 0
02-07 17:07:56.349   384  3744 I resolv  : doQuery: rcode=0, ancount=6, return value=133
02-07 17:07:56.350  1510  3741 D TrafficStats: tagSocket(6) with statsTag=0x20003300, statsUid=-1
02-07 17:07:56.647  1323  1332 W .apps.wellbeing: ApkAssets: Deleting an ApkAssets object '<empty> and /system/app/CompanionDeviceManager/CompanionDeviceManager.apk' with 1 weak references
02-07 17:07:56.647  1323  1332 W .apps.wellbeing: ApkAssets: Deleting an ApkAssets object '<empty> and /system/priv-app/DownloadProvider/DownloadProvider.apk' with 1 weak references
02-07 17:07:56.647  1323  1332 W .apps.wellbeing: ApkAssets: Deleting an ApkAssets object '<empty> and /product/priv-app/PrebuiltBugle/PrebuiltBugle.apk' with 1 weak references
02-07 17:07:56.647  1323  1332 W .apps.wellbeing: ApkAssets: Deleting an ApkAssets object '<empty> and /product/app/SoundPickerPrebuilt/SoundPickerPrebuilt.apk' with 1 weak references
02-07 17:07:56.648  1323  1332 W .apps.wellbeing: ApkAssets: Deleting an ApkAssets object '<empty> and /apex/com.android.mediaprovider/priv-app/MediaProviderGoogle@350820300/MediaProviderGoogle.apk' with 1 weak references
02-07 17:07:56.648  1323  1332 W .apps.wellbeing: ApkAssets: Deleting an ApkAssets object '<empty> and /product/priv-app/SafetyHubPrebuilt/SafetyHubPrebuilt.apk' with 1 weak references
02-07 17:07:56.648  1323  1332 W .apps.wellbeing: ApkAssets: Deleting an ApkAssets object '<empty> and /system/priv-app/DownloadProviderUi/DownloadProviderUi.apk' with 1 weak references
02-07 17:07:56.648  1323  1332 W .apps.wellbeing: ApkAssets: Deleting an ApkAssets object '<empty> and /apex/com.android.wifi/app/OsuLoginGoogle@350820300/OsuLoginGoogle.apk' with 1 weak references
02-07 17:07:56.648  1323  1332 W .apps.wellbeing: ApkAssets: Deleting an ApkAssets object '<empty> and /system/app/PacProcessor/PacProcessor.apk' with 1 weak references
02-07 17:07:56.648  1323  1332 W .apps.wellbeing: ApkAssets: Deleting an ApkAssets object '<empty> and /system/app/SimAppDialog/SimAppDialog.apk' with 1 weak references
02-07 17:07:56.648  1323  1332 W .apps.wellbeing: ApkAssets: Deleting an ApkAssets object '/product/overlay/SimAppDialog__sdk_gphone64_x86_64__auto_generated_rro_product.apk' with 1 weak references
02-07 17:07:56.648  1323  1332 W .apps.wellbeing: ApkAssets: Deleting an ApkAssets object '<empty> and /apex/com.android.adservices/priv-app/AdServicesApkGoogle@350820260/AdServicesApkGoogle.apk' with 1 weak references
02-07 17:07:56.649  1323  1332 W .apps.wellbeing: ApkAssets: Deleting an ApkAssets object '<empty> and /product/overlay/DisplayCutoutEmulationHole/DisplayCutoutEmulationHoleOverlay.apk' with 1 weak references
02-07 17:07:56.649  1323  1332 W .apps.wellbeing: ApkAssets: Deleting an ApkAssets object '<empty> and /product/overlay/DisplayCutoutEmulationTall/DisplayCutoutEmulationTallOverlay.apk' with 1 weak references
02-07 17:07:56.649  1323  1332 W .apps.wellbeing: ApkAssets: Deleting an ApkAssets object '<empty> and /system/app/CertInstaller/CertInstaller.apk' with 1 weak references
02-07 17:07:56.649  1323  1332 W .apps.wellbeing: ApkAssets: Deleting an ApkAssets object '<empty> and /product/app/talkback/talkback.apk' with 1 weak references
02-07 17:07:56.650  1323  1332 W .apps.wellbeing: ApkAssets: Deleting an ApkAssets object '/vendor/overlay/EmulatorTalkBackOverlay/EmulatorTalkBackOverlay.apk' with 1 weak references
02-07 17:07:56.650  1323  1332 W .apps.wellbeing: ApkAssets: Deleting an ApkAssets object '<empty> and /product/overlay/NavigationBarMode3Button/NavigationBarMode3ButtonOverlay.apk' with 1 weak references
02-07 17:07:56.650  1323  1332 W .apps.wellbeing: ApkAssets: Deleting an ApkAssets object '<empty> and /product/app/Camera2/Camera2.apk' with 1 weak references
02-07 17:07:56.650  1323  1332 W .apps.wellbeing: ApkAssets: Deleting an ApkAssets object '<empty> and /system/app/EasterEgg/EasterEgg.apk' with 1 weak references
02-07 17:07:56.650  1323  1332 W .apps.wellbeing: ApkAssets: Deleting an ApkAssets object '<empty> and /system/priv-app/MtpService/MtpService.apk' with 1 weak references
02-07 17:07:56.650  1323  1332 W .apps.wellbeing: ApkAssets: Deleting an ApkAssets object '<empty> and /apex/com.android.nfcservices/priv-app/NfcNciApexGoogle@AE3A.240806.043/NfcNciApexGoogle.apk' with 1 weak references
02-07 17:07:56.650  1323  1332 W .apps.wellbeing: ApkAssets: Deleting an ApkAssets object '<empty> and /system/app/Stk/Stk.apk' with 1 weak references
02-07 17:07:56.650  1323  1332 W .apps.wellbeing: ApkAssets: Deleting an ApkAssets object '<empty> and /product/app/PrebuiltDeskClockGoogle/PrebuiltDeskClockGoogle.apk' with 1 weak references
02-07 17:07:56.651  1323  1332 W .apps.wellbeing: ApkAssets: Deleting an ApkAssets object '<empty> and /product/overlay/NavigationBarMode2Button/NavigationBarMode2ButtonOverlay.apk' with 1 weak references
02-07 17:07:56.651  1323  1332 W .apps.wellbeing: ApkAssets: Deleting an ApkAssets object '<empty> and /product/priv-app/DevicePersonalizationPrebuiltPixel2021-aiai_20240329.00_RC16/DevicePersonalizationPrebuiltPixel2021-aiai_20240329.00_RC16.apk' with 1 weak references
02-07 17:07:56.651  1323  1332 W .apps.wellbeing: ApkAssets: Deleting an ApkAssets object '<empty> and /product/app/PrebuiltGmail/PrebuiltGmail.apk' with 1 weak references
02-07 17:07:56.651  1323  1332 W .apps.wellbeing: ApkAssets: Deleting an ApkAssets object '<empty> and /apex/com.android.permission/priv-app/GooglePermissionController@350820360/GooglePermissionController.apk' with 1 weak references
02-07 17:07:56.652  1323  1332 W .apps.wellbeing: ApkAssets: Deleting an ApkAssets object '/product/overlay/GooglePermissionControllerOverlay.apk' with 1 weak references
02-07 17:07:56.652  1323  1332 W .apps.wellbeing: ApkAssets: Deleting an ApkAssets object '<empty> and /apex/com.android.btservices/app/BluetoothGoogle@342010060/BluetoothGoogle.apk' with 1 weak references
02-07 17:07:56.652  1323  1332 W .apps.wellbeing: ApkAssets: Deleting an ApkAssets object '<empty> and /system/priv-app/SettingsProvider/SettingsProvider.apk' with 1 weak references
02-07 17:07:56.652  1323  1332 W .apps.wellbeing: ApkAssets: Deleting an ApkAssets object '/product/overlay/LargeScreenSettingsProviderOverlay.apk' with 1 weak references
02-07 17:07:56.652  1323  1332 W .apps.wellbeing: ApkAssets: Deleting an ApkAssets object '/product/overlay/SettingsProvider__sdk_gphone64_x86_64__auto_generated_rro_product.apk' with 1 weak references
02-07 17:07:56.652  1323  1332 W .apps.wellbeing: ApkAssets: Deleting an ApkAssets object '<empty> and /system/app/PrintSpooler/PrintSpooler.apk' with 1 weak references
02-07 17:07:56.652  1323  1332 W .apps.wellbeing: ApkAssets: Deleting an ApkAssets object '<empty> and /system/app/BasicDreams/BasicDreams.apk' with 1 weak references
02-07 17:07:56.652  1323  1332 W .apps.wellbeing: ApkAssets: Deleting an ApkAssets object '<empty> and /product/priv-app/DeviceIntelligenceNetworkPrebuilt-astrea_20240329.00_RC02/DeviceIntelligenceNetworkPrebuilt-astrea_20240329.00_RC02.apk' with 1 weak references
02-07 17:07:56.652  1323  1332 W .apps.wellbeing: ApkAssets: Deleting an ApkAssets object '<empty> and /system/priv-app/InputDevices/InputDevices.apk' with 1 weak references
02-07 17:07:56.652  1323  1332 W .apps.wellbeing: ApkAssets: Deleting an ApkAssets object '<empty> and /apex/com.android.devicelock/priv-app/DeviceLockControllerGoogle@AE3A.240806.043/DeviceLockControllerGoogle.apk' with 1 weak references
02-07 17:07:56.652  1323  1332 W .apps.wellbeing: ApkAssets: Deleting an ApkAssets object '<empty> and /product/priv-app/GoogleDialer/GoogleDialer.apk' with 1 weak references
02-07 17:07:56.653  1323  1332 W .apps.wellbeing: ApkAssets: Deleting an ApkAssets object '<empty> and /system/priv-app/BuiltInPrintService/BuiltInPrintService.apk' with 1 weak references
02-07 17:07:56.653  1323  1332 W .apps.wellbeing: ApkAssets: Deleting an ApkAssets object '/product/overlay/BuiltInPrintService__sdk_gphone64_x86_64__auto_generated_rro_product.apk' with 1 weak references
02-07 17:07:56.653  1323  1332 W .apps.wellbeing: ApkAssets: Deleting an ApkAssets object '<empty> and /system/app/CaptivePortalLoginGoogle/CaptivePortalLoginGoogle.apk' with 1 weak references
02-07 17:07:56.653  1323  1332 W .apps.wellbeing: ApkAssets: Deleting an ApkAssets object '<empty> and /system/priv-app/MusicFX/MusicFX.apk' with 1 weak references
02-07 17:07:56.653  1323  1332 W .apps.wellbeing: ApkAssets: Deleting an ApkAssets object '<empty> and /product/app/Drive/Drive.apk' with 1 weak references
02-07 17:07:56.653  1323  1332 W .apps.wellbeing: ApkAssets: Deleting an ApkAssets object '<empty> and /product/app/Maps/Maps.apk' with 1 weak references
02-07 17:07:56.653  1323  1332 W .apps.wellbeing: ApkAssets: Deleting an ApkAssets object '<empty> and /product/app/ModuleMetadataGoogle/ModuleMetadataGoogle.apk' with 1 weak references
02-07 17:07:56.654  1323  1332 W .apps.wellbeing: ApkAssets: Deleting an ApkAssets object '<empty> and /product/overlay/DisplayCutoutEmulationEmu01/DisplayCutoutEmulationEmu01Overlay.apk' with 1 weak references
02-07 17:07:56.654  1323  1332 W .apps.wellbeing: ApkAssets: Deleting an ApkAssets object '<empty> and /system_ext/priv-app/AvatarPickerGoogle/AvatarPickerGoogle.apk' with 1 weak references
02-07 17:07:56.654  1323  1332 W .apps.wellbeing: ApkAssets: Deleting an ApkAssets object '<empty> and /product/app/MarkupGoogle_v2/MarkupGoogle_v2.apk' with 1 weak references
02-07 17:07:56.654  1323  1332 W .apps.wellbeing: ApkAssets: Deleting an ApkAssets object '<empty> and /system/priv-app/NetworkStackGoogle/NetworkStackGoogle.apk' with 1 weak references
02-07 17:07:56.654  1323  1332 W .apps.wellbeing: ApkAssets: Deleting an ApkAssets object '<empty> and /apex/com.android.rkpd/priv-app/rkpdapp.google@350820300/rkpdapp.google.apk' with 1 weak references
02-07 17:07:56.654  1323  1332 W .apps.wellbeing: ApkAssets: Deleting an ApkAssets object '<empty> and /product/app/GoogleContacts/GoogleContacts.apk' with 1 weak references
02-07 17:07:56.654  1323  1332 W .apps.wellbeing: ApkAssets: Deleting an ApkAssets object '<empty> and /system/priv-app/Telecom/Telecom.apk' with 1 weak references
02-07 17:07:56.654  1323  1332 W .apps.wellbeing: ApkAssets: Deleting an ApkAssets object '/product/overlay/Telecom__sdk_gphone64_x86_64__auto_generated_rro_product.apk' with 1 weak references
02-07 17:07:56.654  1323  1332 W .apps.wellbeing: ApkAssets: Deleting an ApkAssets object '<empty> and /system/app/KeyChain/KeyChain.apk' with 1 weak references
02-07 17:07:56.654  1323  1332 W .apps.wellbeing: ApkAssets: Deleting an ApkAssets object '<empty> and /data/app/~~hCzkVHf_9ojrBdO72pkhcg==/com.android.chrome-pFigSHhkWEkyztYYokj-ZQ==/Chrome.apk' with 1 weak references
02-07 17:07:56.655  1323  1332 W .apps.wellbeing: ApkAssets: Deleting an ApkAssets object '<empty> and /data/app/~~P19d_rsWgGpj7NSlSxXFFw==/com.google.android.trichromelibrary_636771938-oNYhPX3vBP7D7vHKXeQVJA==/TrichromeLibrary.apk' with 1 weak references
02-07 17:07:56.655  1323  1332 W .apps.wellbeing: ApkAssets: Deleting an ApkAssets object '<empty> and /system/priv-app/GooglePackageInstaller/GooglePackageInstaller.apk' with 1 weak references
02-07 17:07:56.655  1323  1332 W .apps.wellbeing: ApkAssets: Deleting an ApkAssets object '<empty> and /product/app/PixelThemesStub/PixelThemesStub.apk' with 1 weak references
02-07 17:07:56.655  1323  1332 W .apps.wellbeing: ApkAssets: Deleting an ApkAssets object '<empty> and /system_ext/priv-app/GoogleServicesFramework/GoogleServicesFramework.apk' with 1 weak references
02-07 17:07:56.655  1323  1332 W .apps.wellbeing: ApkAssets: Deleting an ApkAssets object '<empty> and /system/priv-app/TagGoogle/TagGoogle.apk' with 1 weak references
02-07 17:07:56.655  1323  1332 W .apps.wellbeing: ApkAssets: Deleting an ApkAssets object '<empty> and /product/app/GoogleTTS/GoogleTTS.apk' with 1 weak references
02-07 17:07:56.655  1323  1332 W .apps.wellbeing: ApkAssets: Deleting an ApkAssets object '<empty> and /system/priv-app/CallLogBackup/CallLogBackup.apk' with 1 weak references
02-07 17:07:56.655  1323  1332 W .apps.wellbeing: ApkAssets: Deleting an ApkAssets object '<empty> and /product/priv-app/PartnerSetupPrebuilt/PartnerSetupPrebuilt.apk' with 1 weak references
02-07 17:07:56.655  1323  1332 W .apps.wellbeing: ApkAssets: Deleting an ApkAssets object '<empty> and /system/app/CameraExtensionsProxy/CameraExtensionsProxy.apk' with 1 weak references
02-07 17:07:56.655  1323  1332 W .apps.wellbeing: ApkAssets: Deleting an ApkAssets object '<empty> and /product/app/NexusWallpapersStubPrebuilt2018/NexusWallpapersStubPrebuilt2018.apk' with 1 weak references
02-07 17:07:56.655  1323  1332 W .apps.wellbeing: ApkAssets: Deleting an ApkAssets object '<empty> and /system_ext/priv-app/NexusLauncherRelease/NexusLauncherRelease.apk' with 1 weak references
02-07 17:07:56.655  1323  1332 W .apps.wellbeing: ApkAssets: Deleting an ApkAssets object '<empty> and /system/app/CarrierDefaultApp/CarrierDefaultApp.apk' with 1 weak references
02-07 17:07:56.656  1323  1332 W .apps.wellbeing: ApkAssets: Deleting an ApkAssets object '<empty> and /system/priv-app/CredentialManager/CredentialManager.apk' with 1 weak references
02-07 17:07:56.656  1323  1332 W .apps.wellbeing: ApkAssets: Deleting an ApkAssets object '<empty> and /product/overlay/FontNotoSerifSource/FontNotoSerifSourceOverlay.apk' with 1 weak references
02-07 17:07:56.656  1323  1332 W .apps.wellbeing: ApkAssets: Deleting an ApkAssets object '<empty> and /system/priv-app/DeviceAsWebcam/DeviceAsWebcam.apk' with 1 weak references
02-07 17:07:56.656  1323  1332 W .apps.wellbeing: ApkAssets: Deleting an ApkAssets object '<empty> and /system/priv-app/ProxyHandler/ProxyHandler.apk' with 1 weak references
02-07 17:07:56.656  1323  1332 W .apps.wellbeing: ApkAssets: Deleting an ApkAssets object '<empty> and /apex/com.android.permission/priv-app/GoogleSafetyCenterResources@350820360/GoogleSafetyCenterResources.apk' with 1 weak references
02-07 17:07:56.656  1323  1332 W .apps.wellbeing: ApkAssets: Deleting an ApkAssets object '<empty> and /product/overlay/DisplayCutoutEmulationWaterfall/DisplayCutoutEmulationWaterfallOverlay.apk' with 1 weak references
02-07 17:07:56.656  1323  1332 W .apps.wellbeing: ApkAssets: Deleting an ApkAssets object '<empty> and /system/priv-app/IntentResolver/IntentResolver.apk' with 1 weak references
02-07 17:07:56.656  1323  1332 W .apps.wellbeing: ApkAssets: Deleting an ApkAssets object '<empty> and /product/overlay/TransparentNavigationBar/TransparentNavigationBarOverlay.apk' with 1 weak references
02-07 17:07:56.656  1323  1332 W .apps.wellbeing: ApkAssets: Deleting an ApkAssets object '<empty> and /system/priv-app/E2eeContactKeysProvider/E2eeContactKeysProvider.apk' with 1 weak references
02-07 17:07:56.656  1323  1332 W .apps.wellbeing: ApkAssets: Deleting an ApkAssets object '<empty> and /apex/com.android.tethering/priv-app/ServiceConnectivityResourcesGoogle@350820300/ServiceConnectivityResourcesGoogle.apk' with 1 weak references
02-07 17:07:56.656  1323  1332 W .apps.wellbeing: ApkAssets: Deleting an ApkAssets object '/vendor/overlay/goldfish_overlay_connectivity_google.apk' with 1 weak references
02-07 17:07:56.656  1323  1332 W .apps.wellbeing: ApkAssets: Deleting an ApkAssets object '<empty> and /system_ext/priv-app/GoogleFeedback/GoogleFeedback.apk' with 1 weak references
02-07 17:07:56.656  1323  1332 W .apps.wellbeing: ApkAssets: Deleting an ApkAssets object '<empty> and /system/app/GooglePrintRecommendationService/GooglePrintRecommendationService.apk' with 1 weak references
02-07 17:07:56.656  1323  1332 W .apps.wellbeing: ApkAssets: Deleting an ApkAssets object '<empty> and /product/app/Photos/Photos.apk' with 1 weak references
02-07 17:07:56.657  1323  1332 W .apps.wellbeing: ApkAssets: Deleting an ApkAssets object '<empty> and /product/app/CalendarGooglePrebuilt/CalendarGooglePrebuilt.apk' with 1 weak references
02-07 17:07:56.657  1323  1332 W .apps.wellbeing: ApkAssets: Deleting an ApkAssets object '<empty> and /system/priv-app/ManagedProvisioning/ManagedProvisioning.apk' with 1 weak references
02-07 17:07:56.657  1323  1332 W .apps.wellbeing: ApkAssets: Deleting an ApkAssets object '<empty> and /system/priv-app/SoundPicker/SoundPicker.apk' with 1 weak references
02-07 17:07:56.657  1323  1332 W .apps.wellbeing: ApkAssets: Deleting an ApkAssets object '<empty> and /system/priv-app/DocumentsUIGoogle/DocumentsUIGoogle.apk' with 1 weak references
02-07 17:07:56.657  1323  1332 W .apps.wellbeing: ApkAssets: Deleting an ApkAssets object '<empty> and /product/app/PrebuiltGoogleTelemetryTvp/PrebuiltGoogleTelemetryTvp.apk' with 1 weak references
02-07 17:07:56.657  1323  1332 W .apps.wellbeing: ApkAssets: Deleting an ApkAssets object '<empty> and /system_ext/priv-app/MultiDisplayProvider/MultiDisplayProvider.apk' with 1 weak references
02-07 17:07:56.657  1323  1332 W .apps.wellbeing: ApkAssets: Deleting an ApkAssets object '<empty> and /system/priv-app/DeviceDiagnostics/DeviceDiagnostics.apk' with 1 weak references
02-07 17:07:56.657  1323  1332 W .apps.wellbeing: ApkAssets: Deleting an ApkAssets object '/product/overlay/DeviceDiagnostics__sdk_gphone64_x86_64__auto_generated_rro_product.apk' with 1 weak references
02-07 17:07:56.657  1323  1332 W .apps.wellbeing: ApkAssets: Deleting an ApkAssets object '<empty> and /product/overlay/NotesRoleEnabled/NotesRoleEnabledOverlay.apk' with 1 weak references
02-07 17:07:56.658  1323  1332 W .apps.wellbeing: ApkAssets: Deleting an ApkAssets object '<empty> and /system/priv-app/LiveWallpapersPicker/LiveWallpapersPicker.apk' with 1 weak references
02-07 17:07:56.658  1323  1332 W .apps.wellbeing: ApkAssets: Deleting an ApkAssets object '<empty> and /product/app/PrebuiltGoogleAdservicesTvp/PrebuiltGoogleAdservicesTvp.apk' with 1 weak references
02-07 17:07:56.658  1323  1332 W .apps.wellbeing: ApkAssets: Deleting an ApkAssets object '<empty> and /apex/com.android.healthfitness/priv-app/HealthConnectControllerGoogle@350820300/HealthConnectControllerGoogle.apk' with 1 weak references
02-07 17:07:56.658  1323  1332 W .apps.wellbeing: ApkAssets: Deleting an ApkAssets object '<empty> and /product/priv-app/KidsSupervisionStub/KidsSupervisionStub.apk' with 1 weak references
02-07 17:07:56.658  1323  1332 W .apps.wellbeing: ApkAssets: Deleting an ApkAssets object '<empty> and /system_ext/priv-app/StorageManager/StorageManager.apk' with 1 weak references
02-07 17:07:56.658  1323  1332 W .apps.wellbeing: ApkAssets: Deleting an ApkAssets object '/product/overlay/StorageManager__sdk_gphone64_x86_64__auto_generated_rro_product.apk' with 1 weak references
02-07 17:07:56.658  1323  1332 W .apps.wellbeing: ApkAssets: Deleting an ApkAssets object '<empty> and /system/app/BookmarkProvider/BookmarkProvider.apk' with 1 weak references
02-07 17:07:56.658  1323  1332 W .apps.wellbeing: ApkAssets: Deleting an ApkAssets object '<empty> and /system_ext/priv-app/SettingsGoogle/SettingsGoogle.apk' with 1 weak references
02-07 17:07:56.659  1323  1332 W .apps.wellbeing: ApkAssets: Deleting an ApkAssets object '/product/overlay/SettingsGoogle__sdk_gphone64_x86_64__auto_generated_rro_product.apk' with 1 weak references
02-07 17:07:56.659  1323  1332 W .apps.wellbeing: ApkAssets: Deleting an ApkAssets object '<empty> and /product/priv-app/SettingsIntelligenceGooglePrebuilt/SettingsIntelligenceGooglePrebuilt.apk' with 1 weak references
02-07 17:07:56.659  1323  1332 W .apps.wellbeing: ApkAssets: Deleting an ApkAssets object '<empty> and /apex/com.android.uwb/priv-app/ServiceUwbResourcesGoogle@350820300/ServiceUwbResourcesGoogle.apk' with 1 weak references
02-07 17:07:56.659  1323  1332 W .apps.wellbeing: ApkAssets: Deleting an ApkAssets object '<empty> and /apex/com.android.wifi/priv-app/ServiceWifiResourcesGoogle@350820300/ServiceWifiResourcesGoogle.apk' with 1 weak references
02-07 17:07:56.659  1323  1332 W .apps.wellbeing: ApkAssets: Deleting an ApkAssets object '<empty> and /system_ext/priv-app/ThemePicker/ThemePicker.apk' with 1 weak references
02-07 17:07:56.659  1323  1332 W .apps.wellbeing: ApkAssets: Deleting an ApkAssets object '<empty> and /system_ext/priv-app/WallpaperPickerGoogleRelease/WallpaperPickerGoogleRelease.apk' with 1 weak references
02-07 17:07:56.659  1323  1332 W .apps.wellbeing: ApkAssets: Deleting an ApkAssets object '<empty> and /product/priv-app/OdadPrebuilt/OdadPrebuilt.apk' with 1 weak references
02-07 17:07:56.659  1323  1332 W .apps.wellbeing: ApkAssets: Deleting an ApkAssets object '<empty> and /system/priv-app/TeleService/TeleService.apk' with 1 weak references
02-07 17:07:56.659  1323  1332 W .apps.wellbeing: ApkAssets: Deleting an ApkAssets object '/vendor/overlay/TeleService__sdk_gphone64_x86_64__auto_generated_rro_vendor.apk' with 1 weak references
02-07 17:07:56.659  1323  1332 W .apps.wellbeing: ApkAssets: Deleting an ApkAssets object '/product/overlay/TeleService__sdk_gphone64_x86_64__auto_generated_rro_product.apk' with 1 weak references
02-07 17:07:56.660  1323  1332 W .apps.wellbeing: ApkAssets: Deleting an ApkAssets object '<empty> and /system/priv-app/Shell/Shell.apk' with 1 weak references
